COMMAND: powershell -NoProfile -ExecutionPolicy Bypass -File scripts/check.ps1 -Build
STARTED_UTC=2026-10-03T18:31:28.2595098Z
NODE_VERSION=v24.21.0
DEVECO_CLI_STUDIO_PATH=C:\Users\user\DevEcoStudio
✔ delivery codecs bound packets and never confuse acknowledgements with alerts (5.7622ms)
✔ all current messages enter a delayed peer queue and each pump is bounded to four writes (13.4131ms)
✔ only an expected peer, sent token, issuer, alert ID and revision can acknowledge an item (5.3295ms)
✔ loss uses bounded 2s/4s retries, then reports failure instead of claiming delivery (3.3563ms)
✔ a lost ACK triggers a duplicate ACK without forwarding the alert twice to the next peer (9.1649ms)
✔ expiry prunes pending packets and stale acknowledgements cannot revive them (1.6042ms)
SAFEMESH_RELAY_RECEIVE node=nearlink status=ack_matched alertId=cached-0 hops=-1
SAFEMESH_RELAY_RECEIVE node=nearlink status=ack_matched alertId=cached-1 hops=-1
SAFEMESH_RELAY_RECEIVE node=nearlink status=ack_matched alertId=cached-2 hops=-1
✔ restored ViewModel synchronizes all messages to a late peer and re-syncs on reconnect (17.0019ms)
SAFEMESH_RELAY_RECEIVE node=nearlink status=invalid alertId=alert-A hops=0
SAFEMESH_RELAY_RECEIVE node=nearlink status=expired alertId=expired hops=0
SAFEMESH_RELAY_RECEIVE node=nearlink status=malformed alertId= hops=-1
SAFEMESH_RELAY_RECEIVE node=nearlink status=accepted alertId=alert-A hops=0
SAFEMESH_RELAY_RECEIVE node=nearlink status=duplicate alertId=alert-A hops=0
SAFEMESH_RESTORE_ERROR Error: disk unavailable
SAFEMESH_RESTORE_ERROR Error: disk unavailable
✔ VM sends success ACK only for verified current data; duplicates ACK without re-flooding (8.0114ms)
SAFEMESH_RESTORE_ERROR Error: disk unavailable
SAFEMESH_RELAY_RECEIVE node=nearlink status=invalid alertId=alert-A hops=0
SAFEMESH_RELAY_RECEIVE node=nearlink status=accepted alertId=alert-A hops=0
✔ startup read failure blocks relay and a later successful restoration can recover (6.2605ms)
✔ stop cancels queued work and late callbacks cannot restart radio transmission (11.2536ms)
✔ queue bounds retain no more than eight peers and 128 alerts per peer (91.947ms)
✔ a hung native send has a three-second app deadline and remains pending without a false receipt (1.8369ms)
✔ stop releases a hung send immediately and handles a later native rejection (2.9318ms)
✔ stop during restore, native startup or discovery cannot revive foreground radio work (1.5826ms)
✔ switching emulator roles and back to hardware ignores all callbacks from the retired transport (2.9012ms)
SAFEMESH_RELAY_RECEIVE node=B status=accepted alertId=three-app-hop hops=1
SAFEMESH_RELAY_RECEIVE node=A status=ack_matched alertId=three-app-hop hops=-1
✔ a stopped or superseded emulator startup cannot overwrite or close the replacement link (0.9647ms)
SAFEMESH_RELAY_RECEIVE node=C status=accepted alertId=three-app-hop hops=2
SAFEMESH_RELAY_RECEIVE node=B status=ack_matched alertId=three-app-hop hops=-1
✔ three independent app ViewModels relay A to B then to delayed C after A disconnects (7.089ms)
SAFEMESH_RELAY_RECEIVE node=B status=expired alertId=expired hops=0
SAFEMESH_RELAY_RECEIVE node=B status=invalid alertId=forged hops=0
✔ emulator delivery still rejects forged and expired content without success acknowledgements (2.9311ms)
(node:7720) ExperimentalWarning: stripTypeScriptTypes is an experimental feature and might change at any time
(Use `node --trace-warnings ...` to show where the warning was created)
✔ probing the lab neither creates a native socket nor fabricates peers; invalid roles cannot connect (7.7793ms)
✔ start is shared and readiness requires open plus the server peer handshake (28.3825ms)
✔ only topology peers are emitted, and removed or unknown senders cannot deliver packets (1.6188ms)
✔ each fixed emulator role uses its own reverse port and diagnostics exclude packet contents (3.2978ms)
✔ outgoing and incoming packet limits count UTF-8 bytes, and JSON expansion is bounded separately (7.828ms)
✔ malformed, extra-field and invalid peer handshakes fail closed without partially accepting peers (10.2407ms)
✔ binary frames and packets before a completed handshake cannot bypass the protocol (0.7698ms)
✔ stop cancels an in-flight write, detaches handlers, emits peer losses and ignores late callbacks (1.1628ms)
✔ stop during a deferred native connect settles start and prevents late connection revival (2.5325ms)
✔ handshake and send deadlines settle callers; cleanup remains bounded if native close never resolves (2.3403ms)
✔ hub rejection, failed native connect and close events report truthful disconnected state (1.1792ms)
✔ fatal errors preserve the final diagnostic after peer cleanup and a reconnect clears the old failure (0.8929ms)
✔ a forged incoming packet preserves the authentic displayed title and badge (11.7311ms)
✔ an expired incoming packet cannot replace an active verified alert (1.4988ms)
✔ persisted replay history restores and re-verifies before the first network packet (6.3064ms)
✔ disk failure leaves the authenticated in-memory alert intact and reports save failure (1.7511ms)
SAFEMESH_RELAY_RECEIVE node=nearlink status=invalid alertId=krakow-hackyeah-exercise-001 hops=0
SAFEMESH_RELAY_RECEIVE node=nearlink status=malformed alertId= hops=-1
✔ forged and malformed packets produce no outgoing radio traffic (19.0814ms)
SAFEMESH_RELAY_RECEIVE node=nearlink status=accepted alertId=krakow-hackyeah-exercise-001 hops=0
✔ a genuine arrival forwards its exact signature at hop one while excluding its sender (8.6219ms)
SAFEMESH_RELAY_RECEIVE node=nearlink status=duplicate alertId=krakow-hackyeah-exercise-001 hops=0
SAFEMESH_RELAY_RECEIVE node=nearlink status=accepted alertId=krakow-hackyeah-exercise-001 hops=0
✔ concurrent arrivals forward once and busy remains set until persistence finishes (9.6866ms)
SAFEMESH_RELAY_RECEIVE node=nearlink status=accepted alertId=krakow-hackyeah-exercise-001 hops=0
✔ fire-and-forget receive/send failures are handled without losing verified content (4.7673ms)
✔ exact expiry clears the displayed alert and prevents any further relay (1.2604ms)
(node:19088) ExperimentalWarning: stripTypeScriptTypes is an experimental feature and might change at any time
(Use `node --trace-warnings ...` to show where the warning was created)
✔ foreground location requests permissions only when supported and respects denial or disabled services (4.828ms)
✔ one-shot location uses a bounded request, permits approximate-only consent and returns provider accuracy (1.329ms)
✔ invalid locations and provider failures never become successful fixes (3.8781ms)
(node:20292) ExperimentalWarning: stripTypeScriptTypes is an experimental feature and might change at any time
(Use `node --trace-warnings ...` to show where the warning was created)
✔ compiled reference data preserves JSON source records, licensing and finite pack bounds (5.1684ms)
✔ all source geometry and cached shape bounds are finite, complete and consistent (21.7539ms)
✔ straight-line distance uses metres, stays finite at antipodes and orders real points (2.5404ms)
✔ unknown selected IDs cannot mutate any model state or move the map to 0,0 (28.1859ms)
✔ valid selection centers an existing source point; recenter retains origin and sensible zoom (5.1644ms)
✔ native map coordinate methods align east/north and use near-isotropic local distance (1.0711ms)
✔ map waits for native readiness and batches actual geometry within a small stroke budget (7.5202ms)
✔ marker picking reports a visible source ID and leaves empty locations unselected (1.7223ms)
✔ save badge changes only after durable success, keeps the original requested point during selection changes (2.0101ms)
✔ saved-point restore ignores unknown IDs, handles errors and cannot overwrite a concurrent newer save (1.8974ms)
✔ device origin only accepts a usable fix in the downloaded area and reorders real distances (2.4193ms)
✔ a late location response cannot replace a user-selected reset to the demo origin (0.9925ms)
✔ real WebSocket peers enforce A-B-C topology and forward unchanged opaque packets without alert logs (191.1921ms)
✔ topology controls update neighbors, offline sends have no hub backlog, and disconnect releases role (92.2607ms)
✔ a stale-peer send after topology loss does not disconnect the healthy sender or its other neighbor (53.2803ms)
✔ duplicate roles, invalid hello and fourth connections cannot replace real peers (44.2854ms)
✔ explicit drop fixtures count data/ACK loss and never synthesize acknowledgements (18.358ms)
✔ fault injection is explicit, counted and opaque; invalid control is atomic (23.3176ms)
✔ UTF-8 packet limits and hello deadline close only the offending client (135.3093ms)
✔ HTTP control requires local Host, same origin and JSON; body and topology are bounded (35.2249ms)
✔ HDC WebSocket aliases 8765/8766/8767 accept matching origins without permitting HTTP administration (35.2906ms)
✔ WebSocket aliases reject unrelated ports/origins and diagnostics exclude secrets and query strings (12.7895ms)
✔ HarmonyOS API24 portless loopback Origin works only for matching WebSocket Host, never HTTP admin (22.2162ms)
✔ RFC6455 masked fragmented text and interleaved ping work across TCP chunk boundaries (41.547ms)
✔ RFC6455 rejects unmasked, binary, reserved-bit, malformed control and invalid UTF-8 frames (27.2351ms)
✔ RFC6455 oversized frame declaration and cumulative fragment size fail without unbounded allocation (22.5503ms)
✔ RFC6455 empty-fragment floods have a bounded fragment count (17.9948ms)
✔ heartbeat reaps a silent session, publishes peer loss and releases its role without dropping healthy apps (669.7966ms)
✔ only the outstanding heartbeat nonce is acknowledged; stale, unrelated pongs and data cannot keep a session alive (314.6264ms)
✔ hub shutdown cancels an outstanding heartbeat without delayed disconnect activity (234.6252ms)
✔ unsupported emulator neither imports NearLink Kit nor fabricates peers (6.5663ms)
✔ discovery requires a nonempty valid exact name filter (4.0931ms)
✔ peer is counted only after an SDK connection callback (2.9557ms)
✔ MTU-sized writes and arbitrary 7-byte reads preserve UTF-8 packets (7.9479ms)
✔ coalesced frames are decoded as separate messages (2.6003ms)
✔ oversized payloads, malformed headers and invalid UTF-8 are rejected (2.1322ms)
✔ stop releases listeners, clears channel count and rejects further writes (2.1146ms)
✔ empty persisted alerts and empty wire frames are rejected with the native empty-encoder behavior (3.011ms)
✔ real P-256 signed fixture verifies; every security-relevant field is signed (10.7177ms)
✔ forgery cannot poison replay state; duplicate and concurrent replay suppressed (3.3408ms)
✔ demo authority can never authorize a live alert or unknown key (0.3781ms)
✔ expired, future, malformed, oversized and hop-exhausted messages handled (2.3047ms)
✔ three peers relay exact signed content offline and refuse loops (2.7985ms)
✔ caller mutation cannot modify the authenticated cache or an in-flight candidate (0.8751ms)
✔ bounded decoder rejects malformed JSON and primitive shape attacks (1.4352ms)
✔ persistence re-verifies; forged entries not restored and replays still refused (4.6095ms)
✔ bounded cache fails closed; older revisions cannot replace newer alerts (22.272ms)
✔ actual LocalStore round-trips a maximum-size snapshot and respects every native string bound (324.964ms)
✔ the prior generation remains the head until all replacement chunks have flushed (45.2315ms)
✔ failed staging put or flush preserves a complete prior generation after restart (184.6496ms)
✔ failed head publication rolls back memory; any durable generation is complete (137.7213ms)
✔ uninitialized operations reject and operations during initialization await readiness (30.2734ms)
✔ serialized concurrent reads and writes cannot mix generations (24.3368ms)
✔ legacy values and empty values work; corrupt or oversized values fail closed (26.2489ms)
ℹ tests 96
ℹ suites 0
ℹ pass 96
ℹ fail 0
ℹ cancelled 0
ℹ skipped 0
ℹ todo 0
ℹ duration_ms 2229.1313
No errors found in 19 file(s).
System.Management.Automation.RemoteException
Warnings (29):
entry\src\main\ets\model\AlertProtocol.ets:139:13 - warning: Function may throw exceptions. Special handling is required.
entry\src\main\ets\model\AlertProtocol.ets:139:13 - warning: Function may throw exceptions. Special handling is required.
entry\src\main\ets\model\AlertProtocol.ets:140:46 - warning: Function may throw exceptions. Special handling is required.
entry\src\main\ets\model\AlertProtocol.ets:141:11 - warning: Function may throw exceptions. Special handling is required.
entry\src\main\ets\model\AlertProtocol.ets:146:12 - warning: Function may throw exceptions. Special handling is required.
entry\src\main\ets\model\DeliveryProtocol.ets:29:29 - warning: Function may throw exceptions. Special handling is required.
entry\src\main\ets\model\DeliveryProtocol.ets:29:29 - warning: Function may throw exceptions. Special handling is required.
entry\src\main\ets\model\DeviceLocation.ets:27:78 - warning: To use this API, you need to apply for the permissions: ohos.permission.APPROXIMATELY_LOCATION
entry\src\main\ets\model\LocalStore.ets:113:24 - warning: Function may throw exceptions. Special handling is required.
entry\src\main\ets\transport\NearLinkTransport.ets:115:24 - warning: To use this API, you need to apply for the permissions: ohos.permission.ACCESS_NEARLINK
entry\src\main\ets\transport\NearLinkTransport.ets:117:24 - warning: To use this API, you need to apply for the permissions: ohos.permission.ACCESS_NEARLINK
entry\src\main\ets\transport\NearLinkTransport.ets:119:24 - warning: To use this API, you need to apply for the permissions: ohos.permission.ACCESS_NEARLINK
entry\src\main\ets\transport\NearLinkTransport.ets:121:16 - warning: To use this API, you need to apply for the permissions: ohos.permission.ACCESS_NEARLINK
entry\src\main\ets\transport\NearLinkTransport.ets:123:50 - warning: To use this API, you need to apply for the permissions: ohos.permission.ACCESS_NEARLINK
entry\src\main\ets\transport\NearLinkTransport.ets:151:24 - warning: To use this API, you need to apply for the permissions: ohos.permission.ACCESS_NEARLINK
entry\src\main\ets\transport\NearLinkTransport.ets:153:22 - warning: To use this API, you need to apply for the permissions: ohos.permission.ACCESS_NEARLINK
entry\src\main\ets\transport\NearLinkTransport.ets:179:30 - warning: To use this API, you need to apply for the permissions: ohos.permission.ACCESS_NEARLINK
entry\src\main\ets\transport\NearLinkTransport.ets:229:32 - warning: To use this API, you need to apply for the permissions: ohos.permission.ACCESS_NEARLINK
entry\src\main\ets\transport\NearLinkTransport.ets:264:86 - warning: To use this API, you need to apply for the permissions: ohos.permission.ACCESS_NEARLINK
entry\src\main\ets\transport\NearLinkTransport.ets:268:35 - warning: To use this API, you need to apply for the permissions: ohos.permission.ACCESS_NEARLINK
entry\src\main\ets\transport\NearLinkTransport.ets:272:87 - warning: To use this API, you need to apply for the permissions: ohos.permission.ACCESS_NEARLINK
entry\src\main\ets\transport\NearLinkTransport.ets:276:30 - warning: To use this API, you need to apply for the permissions: ohos.permission.ACCESS_NEARLINK
entry\src\main\ets\transport\NearLinkTransport.ets:280:95 - warning: To use this API, you need to apply for the permissions: ohos.permission.ACCESS_NEARLINK
entry\src\main\ets\transport\NearLinkTransport.ets:285:36 - warning: To use this API, you need to apply for the permissions: ohos.permission.ACCESS_NEARLINK
entry\src\main\ets\transport\NearLinkTransport.ets:289:91 - warning: To use this API, you need to apply for the permissions: ohos.permission.ACCESS_NEARLINK
entry\src\main\ets\transport\EmulatorTransport.ets:115:46 - warning: To use this API, you need to apply for the permissions: ohos.permission.INTERNET
entry\src\main\ets\transport\EmulatorTransport.ets:180:16 - warning: To use this API, you need to apply for the permissions: ohos.permission.INTERNET
entry\src\main\ets\transport\EmulatorTransport.ets:324:20 - warning: To use this API, you need to apply for the permissions: ohos.permission.INTERNET
entry\src\main\ets\pages\Index.ets:112:5 - warning: Function may throw exceptions. Special handling is required.
No defects found.
Summary: Issues: 0 | Errors: 0 | Warnings: 0 | Suggestions: 0 | Files with issues: 0
Ensure the project source is trustworthy before proceeding.

[ohpm install] Running...
[32minstall completed in 0s 82ms[39m

[hvigor sync] Skipped (configurations unchanged)

[hvigor build] Running...
> hvigor [32mUP-TO-DATE :entry:default@PreBuild...  [39m
> hvigor [32mFinished :entry:default@CreateModuleInfo... after 1 ms [39m
> hvigor [32mUP-TO-DATE :entry:default@GenerateMetadata...  [39m
> hvigor [32mFinished :entry:default@ConfigureCmake... after 1 ms [39m
> hvigor [32mUP-TO-DATE :entry:default@MergeProfile...  [39m
> hvigor [32mUP-TO-DATE :entry:default@CreateBuildProfile...  [39m
> hvigor [32mFinished :entry:default@PreCheckSyscap... after 1 ms [39m
> hvigor [32mUP-TO-DATE :entry:default@GeneratePkgContextInfo...  [39m
> hvigor [32mFinished :entry:default@GeneratePkgSdkInfo... after 4 ms [39m
> hvigor [32mFinished :entry:default@ProcessIntegratedHsp... after 1 ms [39m
> hvigor [32mFinished :entry:default@BuildNativeWithCmake... after 1 ms [39m
> hvigor [32mUP-TO-DATE :entry:default@MakePackInfo...  [39m
> hvigor [32mFinished :entry:default@SyscapTransform... after 4 ms [39m
> hvigor [32mUP-TO-DATE :entry:default@ProcessProfile...  [39m
> hvigor [32mUP-TO-DATE :entry:default@ProcessRouterMap...  [39m
> hvigor [32mUP-TO-DATE :entry:default@ProcessShareConfig...  [39m
> hvigor [32mFinished :entry:default@ProcessStartupConfig... after 3 ms [39m
> hvigor [32mFinished :entry:default@BuildNativeWithNinja... after 1 ms [39m
> hvigor [32mUP-TO-DATE :entry:default@ProcessResource...  [39m
> hvigor [32mUP-TO-DATE :entry:default@GenerateLoaderJson...  [39m
> hvigor [32mUP-TO-DATE :entry:default@ProcessLibs...  [39m
> hvigor [32mUP-TO-DATE :entry:default@CompileResource...  [39m
> hvigor [32mUP-TO-DATE :entry:default@DoNativeStrip...  [39m
> hvigor [32mFinished :entry:default@BuildJS... after 4 ms [39m
> hvigor [32mUP-TO-DATE :entry:default@CacheNativeLibs...  [39m
> hvigor [33mWARN: [33mWARN: [33m[33mArkTS:WARN File: C:/Users/user/SafeMesh/entry/src/main/ets/model/LocalStore.ets:113:24
 Function may throw exceptions. Special handling is required.
[39m[39m
[33mWARN: [33m[33mArkTS:WARN File: C:/Users/user/SafeMesh/entry/src/main/ets/model/AlertProtocol.ets:139:13
 Function may throw exceptions. Special handling is required.
[39m[39m
[33mWARN: [33m[33mArkTS:WARN File: C:/Users/user/SafeMesh/entry/src/main/ets/model/AlertProtocol.ets:139:13
 Function may throw exceptions. Special handling is required.
[39m[39m
[33mWARN: [33m[33mArkTS:WARN File: C:/Users/user/SafeMesh/entry/src/main/ets/model/AlertProtocol.ets:140:46
 Function may throw exceptions. Special handling is required.
[39m[39m
[33mWARN: [33m[33mArkTS:WARN File: C:/Users/user/SafeMesh/entry/src/main/ets/model/AlertProtocol.ets:141:11
 Function may throw exceptions. Special handling is required.
[39m[39m
[33mWARN: [33m[33mArkTS:WARN File: C:/Users/user/SafeMesh/entry/src/main/ets/model/AlertProtocol.ets:146:12
 Function may throw exceptions. Special handling is required.
[39m[39m
[33mWARN: [33m[33mArkTS:WARN File: C:/Users/user/SafeMesh/entry/src/main/ets/model/DeliveryProtocol.ets:29:29
 Function may throw exceptions. Special handling is required.
[39m[39m
[33mWARN: [33m[33mArkTS:WARN File: C:/Users/user/SafeMesh/entry/src/main/ets/model/DeliveryProtocol.ets:29:29
 Function may throw exceptions. Special handling is required.
[39m[39m
[33mWARN: [33m[33mArkTS:WARN File: C:/Users/user/SafeMesh/entry/src/main/ets/pages/Index.ets:112:5
 Function may throw exceptions. Special handling is required.
[39m[39m
[39m
> hvigor [32mFinished :entry:default@CompileArkTS... after 1 s 195 ms [39m
> hvigor [32mUP-TO-DATE :entry:default@GeneratePkgModuleJson...  [39m
> hvigor [32mFinished :entry:default@ProcessCompiledResources... after 1 ms [39m
> hvigor [32mFinished :entry:default@PackageHap... after 464 ms [39m
> hvigor [32mFinished :entry:default@PackingCheck... after 7 ms [39m
> hvigor [33mWARN: Will skip sign 'hos_hap'. No signingConfigs profile is configured in current project.
             If needed, configure the signingConfigs in C:\Users\user\SafeMesh\build-profile.json5.[39m
> hvigor [32mFinished :entry:default@SignHap... after 2 ms [39m
> hvigor [32mFinished :entry:default@CollectDebugSymbol... after 2 ms [39m
> hvigor [32mFinished :entry:assembleHap... after 1 ms [39m
> hvigor [32mBUILD SUCCESSFUL in 3 s 112 ms [39m

Merged central compile_commands.json for C++ language server.

Build completed successfully
DEVECOCLI_BUILD_EXIT_CODE=0
CHECKS: PASS
EXIT_CODE=0
FINISHED_UTC=2026-10-03T18:32:03.5009561Z
