COMMAND: devecocli.cmd check arkts --project C:\Users\user\SafeMesh
No errors found in 19 file(s).
System.Management.Automation.RemoteException
Warnings (29):
entry\src\main\ets\model\AlertProtocol.ets:139:13 - warning: Function may throw exceptions. Special handling is required.
entry\src\main\ets\model\AlertProtocol.ets:139:13 - warning: Function may throw exceptions. Special handling is required.
entry\src\main\ets\model\AlertProtocol.ets:140:46 - warning: Function may throw exceptions. Special handling is required.
entry\src\main\ets\model\AlertProtocol.ets:141:11 - warning: Function may throw exceptions. Special handling is required.
entry\src\main\ets\model\AlertProtocol.ets:146:12 - warning: Function may throw exceptions. Special handling is required.
entry\src\main\ets\model\DeliveryProtocol.ets:29:29 - warning: Function may throw exceptions. Special handling is required.
entry\src\main\ets\model\DeliveryProtocol.ets:29:29 - warning: Function may throw exceptions. Special handling is required.
entry\src\main\ets\model\DeviceLocation.ets:27:78 - warning: To use this API, you need to apply for the permissions: ohos.permission.APPROXIMATELY_LOCATION
entry\src\main\ets\model\LocalStore.ets:113:24 - warning: Function may throw exceptions. Special handling is required.
entry\src\main\ets\transport\NearLinkTransport.ets:115:24 - warning: To use this API, you need to apply for the permissions: ohos.permission.ACCESS_NEARLINK
entry\src\main\ets\transport\NearLinkTransport.ets:117:24 - warning: To use this API, you need to apply for the permissions: ohos.permission.ACCESS_NEARLINK
entry\src\main\ets\transport\NearLinkTransport.ets:119:24 - warning: To use this API, you need to apply for the permissions: ohos.permission.ACCESS_NEARLINK
entry\src\main\ets\transport\NearLinkTransport.ets:121:16 - warning: To use this API, you need to apply for the permissions: ohos.permission.ACCESS_NEARLINK
entry\src\main\ets\transport\NearLinkTransport.ets:123:50 - warning: To use this API, you need to apply for the permissions: ohos.permission.ACCESS_NEARLINK
entry\src\main\ets\transport\NearLinkTransport.ets:151:24 - warning: To use this API, you need to apply for the permissions: ohos.permission.ACCESS_NEARLINK
entry\src\main\ets\transport\NearLinkTransport.ets:153:22 - warning: To use this API, you need to apply for the permissions: ohos.permission.ACCESS_NEARLINK
entry\src\main\ets\transport\NearLinkTransport.ets:179:30 - warning: To use this API, you need to apply for the permissions: ohos.permission.ACCESS_NEARLINK
entry\src\main\ets\transport\NearLinkTransport.ets:229:32 - warning: To use this API, you need to apply for the permissions: ohos.permission.ACCESS_NEARLINK
entry\src\main\ets\transport\NearLinkTransport.ets:264:86 - warning: To use this API, you need to apply for the permissions: ohos.permission.ACCESS_NEARLINK
entry\src\main\ets\transport\NearLinkTransport.ets:268:35 - warning: To use this API, you need to apply for the permissions: ohos.permission.ACCESS_NEARLINK
entry\src\main\ets\transport\NearLinkTransport.ets:272:87 - warning: To use this API, you need to apply for the permissions: ohos.permission.ACCESS_NEARLINK
entry\src\main\ets\transport\NearLinkTransport.ets:276:30 - warning: To use this API, you need to apply for the permissions: ohos.permission.ACCESS_NEARLINK
entry\src\main\ets\transport\NearLinkTransport.ets:280:95 - warning: To use this API, you need to apply for the permissions: ohos.permission.ACCESS_NEARLINK
entry\src\main\ets\transport\NearLinkTransport.ets:285:36 - warning: To use this API, you need to apply for the permissions: ohos.permission.ACCESS_NEARLINK
entry\src\main\ets\transport\NearLinkTransport.ets:289:91 - warning: To use this API, you need to apply for the permissions: ohos.permission.ACCESS_NEARLINK
entry\src\main\ets\transport\EmulatorTransport.ets:115:46 - warning: To use this API, you need to apply for the permissions: ohos.permission.INTERNET
entry\src\main\ets\transport\EmulatorTransport.ets:180:16 - warning: To use this API, you need to apply for the permissions: ohos.permission.INTERNET
entry\src\main\ets\transport\EmulatorTransport.ets:322:20 - warning: To use this API, you need to apply for the permissions: ohos.permission.INTERNET
entry\src\main\ets\pages\Index.ets:112:5 - warning: Function may throw exceptions. Special handling is required.
EXIT_CODE=0
