✔ PL/EN selection displays only signed variants and preserves identity, packet bytes and storage (762.5398ms)
✔ a forged alternate is rejected without changing the authentic localized alert (367.7577ms)
✔ missing signed alternate falls back explicitly to the original and never synthesizes content (160.912ms)
✔ legacy v1 content remains original with an unknown-language fallback in both interface languages (126.878ms)
✔ restoration verifies before selecting requested content; corrupt persisted alternate stays hidden (115.5491ms)
✔ the actual expiry timer selects an older valid cached alert, then clears every display identity field (118.6428ms)
✔ dispose blocks timer revival by late restore, and resume reselects after expiry while hidden (94.4918ms)
✔ the public lab fixture helper preserves v2 signature validity and derives only intended faults (88.7205ms)
✔ publishing needs an authorized session; malformed token never goes to the network (706.0979ms)
✔ authority session must match pinned key and exercise-only identity (295.1632ms)
✔ native HTTP uses only loopback, disables redirects/proxy/cache and bounds responses (152.3782ms)
✔ a mismatched returned draft is rejected before entering the recipient verifier (117.8723ms)
✔ unauthorized response erases session; logout rejects a late successful login (96.4141ms)
✔ publisher never forwards a rejected signature; signing privilege is separate from relay role (117.6994ms)
✔ successful publication enters the verifier then seeds forwarding automatically (80.7304ms)
✔ uncertain response retry retains request ID; confirmed or edited drafts get a new ID (96.5451ms)
✔ failed mobile persistence retains the draft and retry ID and never claims saved or queues a volatile publication (99.6215ms)
✔ expired idempotency receipts are distinguished from a conflicting draft by the HTTP client (65.5347ms)
✔ expired uncertain publication keeps its text and only a later explicit attempt creates a fresh request ID (67.1413ms)
✔ preparation reuses local key/token; only explicit rotation replaces them; corrupt secrets fail closed (33.1271ms)
✔ fixture refresh preserves the authority pin and requires explicit adoption of a new public key (38.5555ms)
✔ health reveals no key/token; session and issuance require the separate bearer credential (149.567ms)
✔ actual recipient protocol accepts issued v2 signatures and rejects tampering and unpinned authorities (714.0078ms)
✔ distinct client request IDs produce distinct signed alert identities; metadata logs omit alert content and secrets (26.8146ms)
✔ same request retries return byte-equivalent receipt after a restart; changed drafts cannot reuse its ID (31.9062ms)
✔ concurrent duplicate requests persist and return exactly one issued envelope (40.8323ms)
✔ strict draft schema rejects signer-controlled fields, bad IDs, limits, controls and invalid text (79.8461ms)
✔ HTTP boundary rejects browser Origin, foreign Host, wrong media type, malformed UTF-8 and oversized bodies (33.8278ms)
✔ failed durable write does not publish or acknowledge an alert; retry can succeed (21.0802ms)
✔ new-signature rate budget does not prevent an idempotent retry and resets after its window (26.7825ms)
✔ request budget also bounds unauthenticated traffic (16.2475ms)
✔ journal is bounded to 128 active receipts and expired entries allow subsequent new requests (692.9972ms)
✔ tampered durable receipt causes startup refusal instead of resetting idempotency history (16.7001ms)
SAFEMESH_TRANSPORT_PEER mode=nearlink connected=true name=B
✔ delivery codecs bound packets and never confuse acknowledgements with alerts (7.0968ms)
✔ all current messages enter a delayed peer queue and each pump is bounded to four writes (13.9111ms)
✔ only an expected peer, sent token, issuer, alert ID and revision can acknowledge an item (2.2311ms)
✔ loss uses bounded 2s/4s retries, then reports failure instead of claiming delivery (1.9615ms)
✔ a lost ACK triggers a duplicate ACK without forwarding the alert twice to the next peer (5.9993ms)
✔ expiry prunes pending packets and stale acknowledgements cannot revive them (2.1905ms)
SAFEMESH_RELAY_RECEIVE node=nearlink status=ack_matched alertId=cached-0 hops=-1
SAFEMESH_RELAY_RECEIVE node=nearlink status=ack_matched alertId=cached-1 hops=-1
SAFEMESH_RELAY_RECEIVE node=nearlink status=ack_matched alertId=cached-2 hops=-1
SAFEMESH_TRANSPORT_PEER mode=nearlink connected=false name=B
SAFEMESH_TRANSPORT_PEER mode=nearlink connected=true name=B
SAFEMESH_TRANSPORT_PEER mode=nearlink connected=true name=A
✔ restored ViewModel synchronizes all messages to a late peer and re-syncs on reconnect (40.7092ms)
SAFEMESH_TRANSPORT_PEER mode=nearlink connected=true name=C
SAFEMESH_RELAY_RECEIVE node=nearlink status=invalid alertId=alert-A hops=0
SAFEMESH_RELAY_RECEIVE node=nearlink status=expired alertId=expired hops=0
SAFEMESH_RELAY_RECEIVE node=nearlink status=malformed alertId= hops=-1
SAFEMESH_RELAY_RECEIVE node=nearlink status=accepted alertId=alert-A hops=0
SAFEMESH_RELAY_RECEIVE node=nearlink status=duplicate alertId=alert-A hops=0
SAFEMESH_RESTORE_ERROR Error: disk unavailable
SAFEMESH_TRANSPORT_PEER mode=nearlink connected=true name=B
SAFEMESH_RESTORE_ERROR Error: disk unavailable
✔ VM sends success ACK only for verified current data; duplicates ACK without re-flooding (4.0658ms)
SAFEMESH_RESTORE_ERROR Error: disk unavailable
SAFEMESH_RELAY_RECEIVE node=nearlink status=invalid alertId=alert-A hops=0
SAFEMESH_RELAY_RECEIVE node=nearlink status=accepted alertId=alert-A hops=0
SAFEMESH_TRANSPORT_PEER mode=nearlink connected=true name=B
✔ startup read failure blocks relay and a later successful restoration can recover (3.3406ms)
✔ stop cancels queued work and late callbacks cannot restart radio transmission (4.4031ms)
✔ queue bounds retain no more than eight peers and 128 alerts per peer (120.182ms)
✔ a hung native send has a three-second app deadline and remains pending without a false receipt (1.3768ms)
✔ stop releases a hung send immediately and handles a later native rejection (3.2457ms)
SAFEMESH_TRANSPORT_STATUS mode=emulator state=lab_ready peers=0
SAFEMESH_TRANSPORT_PEER mode=emulator connected=true name=B
✔ stop during restore, native startup or discovery cannot revive foreground radio work (3.1106ms)
SAFEMESH_TRANSPORT_STATUS mode=emulator state=lab_ready peers=0
SAFEMESH_TRANSPORT_STATUS mode=nearlink state=available peers=0
✔ switching emulator roles and back to hardware ignores all callbacks from the retired transport (4.8421ms)
SAFEMESH_TRANSPORT_STATUS mode=emulator state=lab_ready peers=0
SAFEMESH_TRANSPORT_STATUS mode=emulator state=lab_ready peers=0
SAFEMESH_TRANSPORT_PEER mode=emulator connected=true name=Emulator B
SAFEMESH_TRANSPORT_STATUS mode=emulator state=lab_ready peers=1
SAFEMESH_TRANSPORT_PEER mode=emulator connected=true name=Emulator A
SAFEMESH_TRANSPORT_STATUS mode=emulator state=lab_ready peers=1
SAFEMESH_RELAY_RECEIVE node=B status=accepted alertId=three-app-hop hops=1
SAFEMESH_RELAY_RECEIVE node=A status=ack_matched alertId=three-app-hop hops=-1
✔ a stopped or superseded emulator startup cannot overwrite or close the replacement link (3.3494ms)
SAFEMESH_TRANSPORT_PEER mode=emulator connected=false name=Emulator A
SAFEMESH_TRANSPORT_STATUS mode=emulator state=lab_ready peers=0
SAFEMESH_TRANSPORT_PEER mode=emulator connected=true name=Emulator C
SAFEMESH_TRANSPORT_STATUS mode=emulator state=lab_ready peers=1
SAFEMESH_TRANSPORT_PEER mode=emulator connected=true name=Emulator B
SAFEMESH_TRANSPORT_STATUS mode=emulator state=lab_ready peers=1
SAFEMESH_RELAY_RECEIVE node=C status=accepted alertId=three-app-hop hops=2
SAFEMESH_RELAY_RECEIVE node=B status=ack_matched alertId=three-app-hop hops=-1
SAFEMESH_TRANSPORT_PEER mode=emulator connected=false name=Emulator B
SAFEMESH_TRANSPORT_STATUS mode=emulator state=lab_ready peers=0
SAFEMESH_TRANSPORT_STATUS mode=emulator state=lab_ready peers=0
SAFEMESH_TRANSPORT_PEER mode=emulator connected=true name=A
✔ three independent app ViewModels relay A to B then to delayed C after A disconnects (11.6775ms)
SAFEMESH_RELAY_RECEIVE node=B status=expired alertId=expired hops=0
SAFEMESH_RELAY_RECEIVE node=B status=invalid alertId=forged hops=0
SAFEMESH_TRANSPORT_STATUS mode=emulator state=lab_ready peers=0
SAFEMESH_TRANSPORT_PEER mode=emulator connected=true name=B
✔ emulator delivery still rejects forged and expired content without success acknowledgements (5.0069ms)
SAFEMESH_TRANSPORT_STATUS mode=emulator state=lab_ready peers=0
SAFEMESH_TRANSPORT_PEER mode=emulator connected=true name=B
SAFEMESH_TRANSPORT_STATUS mode=emulator state=lab_ready peers=0
✔ foreground does not start an unused link, but resumes the active role and cached delivery after suspension (5.2938ms)
✔ explicit stop cancels auto-resume even when foreground is waiting on background cleanup (2.1848ms)
SAFEMESH_TRANSPORT_PEER mode=nearlink connected=true name=B
✔ suspension during connection startup cancels it and does not manufacture a resume intent (1.5031ms)
SAFEMESH_RELAY_RECEIVE node=nearlink status=ack_matched alertId=localized-state hops=-1
SAFEMESH_RELAY_RECEIVE node=nearlink status=ack_unmatched alertId=localized-state hops=-1
SAFEMESH_RELAY_RECEIVE node=nearlink status=malformed alertId= hops=-1
SAFEMESH_RELAY_RECEIVE node=nearlink status=accepted alertId=new-localized-state hops=0
SAFEMESH_RELAY_RECEIVE node=nearlink status=duplicate alertId=new-localized-state hops=0
SAFEMESH_RELAY_RECEIVE node=nearlink status=invalid alertId=forged-localized hops=0
SAFEMESH_TRANSPORT_STATUS mode=emulator state=lab_ready peers=0
SAFEMESH_TRANSPORT_PEER mode=emulator connected=true name=C
✔ packet verdicts and acknowledgements expose localization states without diagnostic sentences (4.775ms)
SAFEMESH_TRANSPORT_ERROR mode=emulator op=send code=401 message=Invalid individual packet
SAFEMESH_TRANSPORT_STATUS mode=emulator state=lab_disconnected peers=0
SAFEMESH_TRANSPORT_ERROR mode=emulator op=receive code=401 message=Unknown individual sender
SAFEMESH_TRANSPORT_STATUS mode=emulator state=lab_ready peers=0
SAFEMESH_TRANSPORT_ERROR mode=emulator op=socket code=200 message=Hard connection failure
SAFEMESH_TRANSPORT_STATUS mode=emulator state=lab_ready peers=0
SAFEMESH_TRANSPORT_ERROR mode=emulator op=receive code=401 message=Malformed hub protocol
SAFEMESH_TRANSPORT_STATUS mode=emulator state=lab_error peers=0
SAFEMESH_TRANSPORT_ERROR mode=nearlink op=discover code=401 message=Invalid name
SAFEMESH_TRANSPORT_ERROR mode=nearlink op=send code=1009700023 message=Busy
SAFEMESH_TRANSPORT_STATUS mode=nearlink state=off peers=0
SAFEMESH_TRANSPORT_PEER mode=nearlink connected=true name=B
✔ public connection state survives queued or rejected packets but clears on socket closure and hard failures (5.5616ms)
✔ NearLink operation errors preserve its active listener while radio-off status ends the session (1.9947ms)
✔ loading the bundled exercise on an active link queues it for already-connected peers (17.2133ms)
(node:23616) ExperimentalWarning: stripTypeScriptTypes is an experimental feature and might change at any time
(Use `node --trace-warnings ...` to show where the warning was created)
✔ probing the lab neither creates a native socket nor fabricates peers; invalid roles cannot connect (3.4383ms)
✔ start is shared and readiness requires open plus the server peer handshake (3.9278ms)
✔ only topology peers are emitted, and removed or unknown senders cannot deliver packets (1.301ms)
✔ each fixed emulator role uses its own reverse port and diagnostics exclude packet contents (2.123ms)
✔ outgoing and incoming packet limits count UTF-8 bytes, and JSON expansion is bounded separately (7.3572ms)
✔ malformed, extra-field and invalid peer handshakes fail closed without partially accepting peers (7.9501ms)
✔ binary frames and packets before a completed handshake cannot bypass the protocol (0.6825ms)
✔ stop cancels an in-flight write, detaches handlers, emits peer losses and ignores late callbacks (1.2383ms)
✔ stop during a deferred native connect settles start and prevents late connection revival (0.5633ms)
✔ handshake and send deadlines settle callers; cleanup remains bounded if native close never resolves (1.9883ms)
✔ hub rejection, failed native connect and close events report truthful disconnected state (0.9964ms)
✔ fatal errors preserve the final diagnostic after peer cleanup and a reconnect clears the old failure (1.171ms)
✔ multiple verified arrivals form an unread inbox; selecting older detail never changes latest Home (821.8046ms)
✔ duplicate cannot overwrite receipts or read state; a higher revision replaces one row and becomes unread (316.9023ms)
✔ atomic inbox restore re-verifies content and retains read/provenance without arrival banners (211.6934ms)
✔ legacy caches restore as known/read with unknown receipt time; metadata never invents alerts (115.5952ms)
✔ concurrent restore, opening a saved item and receiving a new item preserve both read-state updates (114.7473ms)
✔ queued writes do not let a slow accepted snapshot overwrite a later read or second arrival (115.2245ms)
✔ failed atomic commit retains prior durable inbox while authenticated session content remains visible (86.5885ms)
✔ a duplicate repairs a failed first commit without new unread, arrival, receipt time or source (92.649ms)
✔ opening an already-read item retries a failed read-state commit and survives restart without a new banner (55.4791ms)
✔ all inbox rows localize signed content with detached snapshots and no new arrival event (54.4378ms)
✔ the earliest inbox expiry prunes an unselected row, unread count and banner before the Home alert expires (39.1769ms)
✔ inbox shares the 128-message bound and constrains unsigned source metadata (138.9574ms)
SAFEMESH_TRANSPORT_PEER mode=nearlink connected=true name=peer-B
✔ a forged incoming packet preserves the authentic displayed title and badge (13.6268ms)
✔ an expired incoming packet cannot replace an active verified alert (1.7372ms)
✔ persisted replay history restores and re-verifies before the first network packet (3.8134ms)
✔ disk failure leaves the authenticated in-memory alert intact and reports save failure (1.7214ms)
SAFEMESH_RELAY_RECEIVE node=nearlink status=invalid alertId=krakow-hackyeah-exercise-001 hops=0
SAFEMESH_RELAY_RECEIVE node=nearlink status=malformed alertId= hops=-1
SAFEMESH_TRANSPORT_PEER mode=nearlink connected=true name=peer-B
✔ forged and malformed packets produce no outgoing radio traffic (16.8177ms)
SAFEMESH_RELAY_RECEIVE node=nearlink status=accepted alertId=krakow-hackyeah-exercise-001 hops=0
SAFEMESH_TRANSPORT_PEER mode=nearlink connected=true name=peer-B
✔ a genuine arrival forwards its exact signature at hop one while excluding its sender (8.5615ms)
SAFEMESH_RELAY_RECEIVE node=nearlink status=duplicate alertId=krakow-hackyeah-exercise-001 hops=0
SAFEMESH_RELAY_RECEIVE node=nearlink status=accepted alertId=krakow-hackyeah-exercise-001 hops=0
SAFEMESH_TRANSPORT_PEER mode=nearlink connected=true name=peer-B
✔ concurrent arrivals forward once and busy remains set until persistence finishes (14.143ms)
SAFEMESH_RELAY_RECEIVE node=nearlink status=accepted alertId=krakow-hackyeah-exercise-001 hops=0
SAFEMESH_TRANSPORT_PEER mode=nearlink connected=true name=C
✔ fire-and-forget receive/send failures are handled without losing verified content (5.6834ms)
✔ exact expiry clears the displayed alert and prevents any further relay (1.5917ms)
SAFEMESH_NATIVE_DIAGNOSTICS PASS [{"id":"0","titleKey":"relay_event_a","detailKey":"relay_detail_a","status":"accepted","good":true},{"id":"1","titleKey":"relay_event_b","detailKey":"relay_detail_b","status":"accepted","good":true},{"id":"2","titleKey":"relay_event_c","detailKey":"relay_detail_c","status":"accepted","good":true},{"id":"3","titleKey":"relay_event_duplicate","detailKey":"relay_detail_duplicate","status":"duplicate","good":true},{"id":"4","titleKey":"relay_event_tampered","detailKey":"relay_detail_tampered","status":"invalid","good":true},{"id":"5","titleKey":"relay_event_expired","detailKey":"relay_detail_expired","status":"expired","good":true}]
✔ native-diagnostic workflow exposes stable localization keys and verdicts for all six checks (809.826ms)
✔ base and English resources agree, all locales have complete unique nonempty UTF-8 keys (5.8622ms)
✔ packet verdicts, test events and map access states have localized labels rather than raw enum values (0.4157ms)
✔ every literal UI string key resolves in all languages (8.8127ms)
✔ Polish copy has no old English diagnostic or exercise-body text and preserves essential limits (0.542ms)
(node:27372) ExperimentalWarning: stripTypeScriptTypes is an experimental feature and might change at any time
(Use `node --trace-warnings ...` to show where the warning was created)
✔ foreground location requests permissions only when supported and respects denial or disabled services (2.7762ms)
✔ one-shot location uses a bounded request, permits approximate-only consent and returns provider accuracy (1.5144ms)
✔ invalid locations and provider failures never become successful fixes (0.9196ms)
(node:11704) ExperimentalWarning: stripTypeScriptTypes is an experimental feature and might change at any time
(Use `node --trace-warnings ...` to show where the warning was created)
✔ compiled reference data preserves JSON source records, licensing and finite pack bounds (6.0026ms)
✔ all source geometry and cached shape bounds are finite, complete and consistent (14.0657ms)
✔ straight-line distance uses metres, stays finite at antipodes and orders real points (2.5106ms)
✔ unknown selected IDs cannot mutate any model state or move the map to 0,0 (23.2365ms)
✔ valid selection centers an existing source point; recenter retains origin and sensible zoom (2.6457ms)
✔ native map coordinate methods align east/north and use near-isotropic local distance (2.4999ms)
✔ map waits for native readiness and batches actual geometry within a small stroke budget (31.2419ms)
✔ marker picking reports a visible source ID and leaves empty locations unselected (4.3544ms)
✔ save badge changes only after durable success, keeps the original requested point during selection changes (2.3148ms)
✔ saved-point restore ignores unknown IDs, handles errors and cannot overwrite a concurrent newer save (2.2913ms)
✔ device origin only accepts a usable fix in the downloaded area and reorders real distances (21.3816ms)
✔ a late location response cannot replace a user-selected reset to the demo origin (7.2554ms)
✔ address search accepts an accent-free Polish keyboard, token order and whitespace without changing map selection (18.7179ms)
✔ access categories expose only stable localization keys and retain point provenance after origin changes (2.1699ms)
✔ distance presentation follows the selected language and guards unavailable values (0.8078ms)
✔ saved-point entry is absent for missing IDs and returns the durable point independently of current selection (2.1545ms)
✔ selected marker paints above coincident points and origin, and hit testing agrees with the visible marker (9.2806ms)
✔ theme revision re-reads Canvas resources for the selected marker (5.0771ms)
✔ real WebSocket peers enforce A-B-C topology and forward unchanged opaque packets without alert logs (168.5493ms)
✔ topology controls update neighbors, offline sends have no hub backlog, and disconnect releases role (81.6174ms)
✔ a stale-peer send after topology loss does not disconnect the healthy sender or its other neighbor (57.7273ms)
✔ duplicate roles, invalid hello and fourth connections cannot replace real peers (39.2208ms)
✔ explicit drop fixtures count data/ACK loss and never synthesize acknowledgements (62.0001ms)
✔ fault injection is explicit, counted and opaque; invalid control is atomic (38.2922ms)
✔ UTF-8 packet limits and hello deadline close only the offending client (132.0231ms)
✔ HTTP control requires local Host, same origin and JSON; body and topology are bounded (36.9589ms)
✔ HDC WebSocket aliases 8765/8766/8767 accept matching origins without permitting HTTP administration (26.9684ms)
✔ WebSocket aliases reject unrelated ports/origins and diagnostics exclude secrets and query strings (15.5333ms)
✔ HarmonyOS API24 portless loopback Origin works only for matching WebSocket Host, never HTTP admin (19.0726ms)
✔ RFC6455 masked fragmented text and interleaved ping work across TCP chunk boundaries (34.9295ms)
✔ RFC6455 rejects unmasked, binary, reserved-bit, malformed control and invalid UTF-8 frames (21.0156ms)
✔ RFC6455 oversized frame declaration and cumulative fragment size fail without unbounded allocation (10.7969ms)
✔ RFC6455 empty-fragment floods have a bounded fragment count (17.626ms)
✔ heartbeat reaps a silent session, publishes peer loss and releases its role without dropping healthy apps (705.1748ms)
✔ only the outstanding heartbeat nonce is acknowledged; stale, unrelated pongs and data cannot keep a session alive (305.4355ms)
✔ hub shutdown cancels an outstanding heartbeat without delayed disconnect activity (230.5382ms)
✔ unsupported emulator neither imports NearLink Kit nor fabricates peers (8.2185ms)
✔ discovery requires a nonempty valid exact name filter (1.9166ms)
✔ peer is counted only after an SDK connection callback (2.2597ms)
✔ MTU-sized writes and arbitrary 7-byte reads preserve UTF-8 packets (6.4569ms)
✔ coalesced frames are decoded as separate messages (2.6005ms)
✔ oversized payloads, malformed headers and invalid UTF-8 are rejected (1.7138ms)
✔ stop releases listeners, clears channel count and rejects further writes (2.1315ms)
✔ stopping during a permission request prevents port creation and advertising after consent arrives (10.4729ms)
✔ concurrent starts share one request and a late advertisement is stopped after cancellation (4.2478ms)
✔ confirmed connections clear deadlines and a late connect cannot survive stop (7.047ms)
✔ stop interrupts a multi-chunk send without claiming a completed local write (3.1005ms)
✔ intermediate connection states retain the pending request until confirmation or timeout (1.8482ms)
✔ empty persisted alerts and empty wire frames are rejected with the native empty-encoder behavior (9.4592ms)
✔ real P-256 signed fixture verifies; every security-relevant field is signed (8.7725ms)
✔ v2 authenticates the original language and every alternate string, including alternate removal (2.8691ms)
✔ malformed, duplicate, unsupported and oversized translations fail before verification (25.0113ms)
✔ v1 canonical bytes and real signature verification remain compatible; unsigned language metadata is rejected (3.5117ms)
✔ version 2 allows a source-only signed alert without inventing a translation (4.0109ms)
✔ forgery cannot poison replay state; duplicate and concurrent replay suppressed (20.0844ms)
✔ demo authority can never authorize a live alert or unknown key (0.5268ms)
✔ expired, future, malformed, oversized and hop-exhausted messages handled (2.2235ms)
✔ three peers relay exact signed content offline and refuse loops (4.3714ms)
✔ caller mutation cannot modify the authenticated cache or an in-flight candidate (1.3536ms)
✔ bounded decoder rejects malformed JSON and primitive shape attacks (1.0233ms)
✔ persistence re-verifies; forged entries not restored and replays still refused (2.1443ms)
✔ bounded cache fails closed; older revisions cannot replace newer alerts (4.4542ms)
✔ actual LocalStore round-trips a maximum-size snapshot and respects every native string bound (472.6501ms)
✔ the prior generation remains the head until all replacement chunks have flushed (65.2891ms)
✔ failed staging put or flush preserves a complete prior generation after restart (293.8025ms)
✔ failed head publication rolls back memory; any durable generation is complete (205.6925ms)
✔ uninitialized operations reject and operations during initialization await readiness (34.2847ms)
✔ serialized concurrent reads and writes cannot mix generations (30.9002ms)
✔ legacy values and empty values work; corrupt or oversized values fail closed (28.9809ms)
ℹ tests 168
ℹ suites 0
ℹ pass 168
ℹ fail 0
ℹ cancelled 0
ℹ skipped 0
ℹ todo 0
ℹ duration_ms 2604.3685
No errors found in 21 file(s).
powershell : 
At line:1 char:576
+ ... -141b.log'; powershell -NoProfile -ExecutionPolicy Bypass -File scrip ...
+                 ~~~~~~~~~~~~~~~~~~~~~~~~~~~~~~~~~~~~~~~~~~~~~~~~~~~~~~~~~
    + CategoryInfo          : NotSpecified: (:String) [], RemoteException
    + FullyQualifiedErrorId : NativeCommandError
 
Warnings (36):
entry\src\main\ets\model\AlertProtocol.ets:193:13 - warning: Function may throw exceptions. Special handling is require
d.
entry\src\main\ets\model\AlertProtocol.ets:193:13 - warning: Function may throw exceptions. Special handling is require
d.
entry\src\main\ets\model\AlertProtocol.ets:194:46 - warning: Function may throw exceptions. Special handling is require
d.
entry\src\main\ets\model\AlertProtocol.ets:195:11 - warning: Function may throw exceptions. Special handling is require
d.
entry\src\main\ets\model\AlertProtocol.ets:200:12 - warning: Function may throw exceptions. Special handling is require
d.
entry\src\main\ets\model\DeliveryProtocol.ets:29:29 - warning: Function may throw exceptions. Special handling is requi
red.
entry\src\main\ets\model\DeliveryProtocol.ets:29:29 - warning: Function may throw exceptions. Special handling is requi
red.
entry\src\main\ets\model\AuthorityClient.ets:42:49 - warning: Function may throw exceptions. Special handling is requir
ed.
entry\src\main\ets\model\AuthorityClient.ets:42:57 - warning: To use this API, you need to apply for the permissions: o
hos.permission.INTERNET
entry\src\main\ets\model\DeviceLocation.ets:27:78 - warning: To use this API, you need to apply for the permissions: oh
os.permission.APPROXIMATELY_LOCATION
entry\src\main\ets\model\LocalStore.ets:113:24 - warning: Function may throw exceptions. Special handling is required.
entry\src\main\ets\transport\NearLinkTransport.ets:127:20 - warning: To use this API, you need to apply for the permiss
ions: ohos.permission.ACCESS_NEARLINK
entry\src\main\ets\transport\NearLinkTransport.ets:129:20 - warning: To use this API, you need to apply for the permiss
ions: ohos.permission.ACCESS_NEARLINK
entry\src\main\ets\transport\NearLinkTransport.ets:131:20 - warning: To use this API, you need to apply for the permiss
ions: ohos.permission.ACCESS_NEARLINK
entry\src\main\ets\transport\NearLinkTransport.ets:133:12 - warning: To use this API, you need to apply for the permiss
ions: ohos.permission.ACCESS_NEARLINK
entry\src\main\ets\transport\NearLinkTransport.ets:135:55 - warning: To use this API, you need to apply for the permiss
ions: ohos.permission.ACCESS_NEARLINK
entry\src\main\ets\transport\NearLinkTransport.ets:140:27 - warning: To use this API, you need to apply for the permiss
ions: ohos.permission.ACCESS_NEARLINK
entry\src\main\ets\transport\NearLinkTransport.ets:169:20 - warning: To use this API, you need to apply for the permiss
ions: ohos.permission.ACCESS_NEARLINK
entry\src\main\ets\transport\NearLinkTransport.ets:172:18 - warning: To use this API, you need to apply for the permiss
ions: ohos.permission.ACCESS_NEARLINK
entry\src\main\ets\transport\NearLinkTransport.ets:174:20 - warning: To use this API, you need to apply for the permiss
ions: ohos.permission.ACCESS_NEARLINK
entry\src\main\ets\transport\NearLinkTransport.ets:203:26 - warning: To use this API, you need to apply for the permiss
ions: ohos.permission.ACCESS_NEARLINK
entry\src\main\ets\transport\NearLinkTransport.ets:210:28 - warning: To use this API, you need to apply for the permiss
ions: ohos.permission.ACCESS_NEARLINK
entry\src\main\ets\transport\NearLinkTransport.ets:267:28 - warning: To use this API, you need to apply for the permiss
ions: ohos.permission.ACCESS_NEARLINK
entry\src\main\ets\transport\NearLinkTransport.ets:305:82 - warning: To use this API, you need to apply for the permiss
ions: ohos.permission.ACCESS_NEARLINK
entry\src\main\ets\transport\NearLinkTransport.ets:309:31 - warning: To use this API, you need to apply for the permiss
ions: ohos.permission.ACCESS_NEARLINK
entry\src\main\ets\transport\NearLinkTransport.ets:313:83 - warning: To use this API, you need to apply for the permiss
ions: ohos.permission.ACCESS_NEARLINK
entry\src\main\ets\transport\NearLinkTransport.ets:317:26 - warning: To use this API, you need to apply for the permiss
ions: ohos.permission.ACCESS_NEARLINK
entry\src\main\ets\transport\NearLinkTransport.ets:321:91 - warning: To use this API, you need to apply for the permiss
ions: ohos.permission.ACCESS_NEARLINK
entry\src\main\ets\transport\NearLinkTransport.ets:326:32 - warning: To use this API, you need to apply for the permiss
ions: ohos.permission.ACCESS_NEARLINK
entry\src\main\ets\transport\NearLinkTransport.ets:330:87 - warning: To use this API, you need to apply for the permiss
ions: ohos.permission.ACCESS_NEARLINK
entry\src\main\ets\transport\EmulatorTransport.ets:115:46 - warning: To use this API, you need to apply for the permiss
ions: ohos.permission.INTERNET
entry\src\main\ets\transport\EmulatorTransport.ets:180:16 - warning: To use this API, you need to apply for the permiss
ions: ohos.permission.INTERNET
entry\src\main\ets\transport\EmulatorTransport.ets:324:20 - warning: To use this API, you need to apply for the permiss
ions: ohos.permission.INTERNET
entry\src\main\ets\pages\Index.ets:134:5 - warning: Function may throw exceptions. Special handling is required.
entry\src\main\ets\pages\Index.ets:284:23 - warning: 'DateTimeFormat' has been deprecated.
entry\src\main\ets\pages\Index.ets:286:10 - warning: 'format' has been deprecated.
No defects found.
Summary: Issues: 0 | Errors: 0 | Warnings: 0 | Suggestions: 0 | Files with issues: 0
Ensure the project source is trustworthy before proceeding.

[ohpm install] Running...
install completed in 0s 74ms

[hvigor sync] Skipped (configurations unchanged)

[hvigor build] Running...
> hvigor UP-TO-DATE :entry:default@PreBuild...  
> hvigor Finished :entry:default@CreateModuleInfo... after 1 ms 
> hvigor UP-TO-DATE :entry:default@GenerateMetadata...  
> hvigor Finished :entry:default@ConfigureCmake... after 1 ms 
> hvigor UP-TO-DATE :entry:default@MergeProfile...  
> hvigor UP-TO-DATE :entry:default@CreateBuildProfile...  
> hvigor Finished :entry:default@PreCheckSyscap... after 1 ms 
> hvigor UP-TO-DATE :entry:default@GeneratePkgContextInfo...  
> hvigor Finished :entry:default@GeneratePkgSdkInfo... after 3 ms 
> hvigor Finished :entry:default@ProcessIntegratedHsp... after 1 ms 
> hvigor Finished :entry:default@BuildNativeWithCmake... after 1 ms 
> hvigor UP-TO-DATE :entry:default@MakePackInfo...  
> hvigor Finished :entry:default@SyscapTransform... after 3 ms 
> hvigor UP-TO-DATE :entry:default@ProcessProfile...  
> hvigor UP-TO-DATE :entry:default@ProcessRouterMap...  
> hvigor UP-TO-DATE :entry:default@ProcessShareConfig...  
> hvigor Finished :entry:default@ProcessStartupConfig... after 2 ms 
> hvigor Finished :entry:default@BuildNativeWithNinja... after 1 ms 
> hvigor UP-TO-DATE :entry:default@ProcessResource...  
> hvigor UP-TO-DATE :entry:default@GenerateLoaderJson...  
> hvigor UP-TO-DATE :entry:default@ProcessLibs...  
> hvigor UP-TO-DATE :entry:default@CompileResource...  
> hvigor UP-TO-DATE :entry:default@DoNativeStrip...  
> hvigor Finished :entry:default@BuildJS... after 3 ms 
> hvigor UP-TO-DATE :entry:default@CacheNativeLibs...  
> hvigor WARN: WARN: ArkTS:WARN File: C:/Users/user/SafeMesh/entry/src/main/ets/model/LocalStore.et
s:113:24
 Function may throw exceptions. Special handling is required.

WARN: ArkTS:WARN File: C:/Users/user/SafeMesh/entry/src/main/ets/model/AlertProtocol.ets:193:13
 Function may throw exceptions. Special handling is required.

WARN: ArkTS:WARN File: C:/Users/user/SafeMesh/entry/src/main/ets/model/AlertProtocol.ets:193:13
 Function may throw exceptions. Special handling is required.

WARN: ArkTS:WARN File: C:/Users/user/SafeMesh/entry/src/main/ets/model/AlertProtocol.ets:194:46
 Function may throw exceptions. Special handling is required.

WARN: ArkTS:WARN File: C:/Users/user/SafeMesh/entry/src/main/ets/model/AlertProtocol.ets:195:11
 Function may throw exceptions. Special handling is required.

WARN: ArkTS:WARN File: C:/Users/user/SafeMesh/entry/src/main/ets/model/AlertProtocol.ets:200:12
 Function may throw exceptions. Special handling is required.

WARN: ArkTS:WARN File: C:/Users/user/SafeMesh/entry/src/main/ets/model/DeliveryProtocol.ets:29:29
 Function may throw exceptions. Special handling is required.

WARN: ArkTS:WARN File: C:/Users/user/SafeMesh/entry/src/main/ets/model/DeliveryProtocol.ets:29:29
 Function may throw exceptions. Special handling is required.

WARN: ArkTS:WARN File: C:/Users/user/SafeMesh/entry/src/main/ets/model/AuthorityClient.ets:42:49
 Function may throw exceptions. Special handling is required.

WARN: ArkTS:WARN File: C:/Users/user/SafeMesh/entry/src/main/ets/pages/Index.ets:134:5
 Function may throw exceptions. Special handling is required.

WARN: ArkTS:WARN File: C:/Users/user/SafeMesh/entry/src/main/ets/pages/Index.ets:284:23
 'DateTimeFormat' has been deprecated.

WARN: ArkTS:WARN File: C:/Users/user/SafeMesh/entry/src/main/ets/pages/Index.ets:286:10
 'format' has been deprecated.


> hvigor Finished :entry:default@CompileArkTS... after 2 s 567 ms 
> hvigor UP-TO-DATE :entry:default@GeneratePkgModuleJson...  
> hvigor Finished :entry:default@ProcessCompiledResources... after 1 ms 
> hvigor Finished :entry:default@PackageHap... after 445 ms 
> hvigor Finished :entry:default@PackingCheck... after 6 ms 
> hvigor WARN: Will skip sign 'hos_hap'. No signingConfigs profile is configured in current project.
             If needed, configure the signingConfigs in C:\Users\user\SafeMesh\build-profile.json5.
> hvigor Finished :entry:default@SignHap... after 2 ms 
> hvigor Finished :entry:default@CollectDebugSymbol... after 2 ms 
> hvigor Finished :entry:assembleHap... after 1 ms 
> hvigor BUILD SUCCESSFUL in 4 s 411 ms 

Merged central compile_commands.json for C++ language server.

Build completed successfully
DEVECOCLI_BUILD_EXIT_CODE=0
CHECKS: PASS
