✔ PL/EN selection displays only signed variants and preserves identity, packet bytes and storage (632.5691ms)
✔ a forged alternate is rejected without changing the authentic localized alert (221.456ms)
✔ missing signed alternate falls back explicitly to the original and never synthesizes content (233.5856ms)
✔ legacy v1 content remains original with an unknown-language fallback in both interface languages (143.6817ms)
✔ restoration verifies before selecting requested content; corrupt persisted alternate stays hidden (158.9423ms)
✔ the actual expiry timer selects an older valid cached alert, then clears every display identity field (97.7459ms)
✔ dispose blocks timer revival by late restore, and resume reselects after expiry while hidden (85.906ms)
✔ the public lab fixture helper preserves v2 signature validity and derives only intended faults (86.7683ms)
✔ publishing needs an authorized session; malformed token never goes to the network (668.929ms)
✔ authority session must match pinned key and exercise-only identity (277.6965ms)
✔ native HTTP uses only loopback, disables redirects/proxy/cache and bounds responses (156.5623ms)
✔ a mismatched returned draft is rejected before entering the recipient verifier (156.4704ms)
✔ unauthorized response erases session; logout rejects a late successful login (91.0131ms)
✔ publisher never forwards a rejected signature; signing privilege is separate from relay role (104.0735ms)
✔ successful publication enters the verifier then seeds forwarding automatically (78.548ms)
✔ uncertain response retry retains request ID; confirmed or edited drafts get a new ID (72.2712ms)
✔ failed mobile persistence retains the draft and retry ID and never claims saved or queues a volatile publication (66.9117ms)
✔ expired idempotency receipts are distinguished from a conflicting draft by the HTTP client (60.8031ms)
✔ expired uncertain publication keeps its text and only a later explicit attempt creates a fresh request ID (48.8937ms)
✔ preparation reuses local key/token; only explicit rotation replaces them; corrupt secrets fail closed (36.3248ms)
✔ fixture refresh preserves the authority pin and requires explicit adoption of a new public key (40.5368ms)
✔ health reveals no key/token; session and issuance require the separate bearer credential (94.5212ms)
✔ actual recipient protocol accepts issued v2 signatures and rejects tampering and unpinned authorities (714.2241ms)
✔ distinct client request IDs produce distinct signed alert identities; metadata logs omit alert content and secrets (25.191ms)
✔ same request retries return byte-equivalent receipt after a restart; changed drafts cannot reuse its ID (33.4243ms)
✔ concurrent duplicate requests persist and return exactly one issued envelope (25.4346ms)
✔ strict draft schema rejects signer-controlled fields, bad IDs, limits, controls and invalid text (63.8263ms)
✔ HTTP boundary rejects browser Origin, foreign Host, wrong media type, malformed UTF-8 and oversized bodies (30.275ms)
✔ failed durable write does not publish or acknowledge an alert; retry can succeed (21.0115ms)
✔ new-signature rate budget does not prevent an idempotent retry and resets after its window (25.9641ms)
✔ request budget also bounds unauthenticated traffic (18.1766ms)
✔ journal is bounded to 128 active receipts and expired entries allow subsequent new requests (653.1128ms)
✔ tampered durable receipt causes startup refusal instead of resetting idempotency history (15.7688ms)
✔ the Oniro stub reports NearLink as unsupported and never claims a link or delivery (3.8457ms)
✔ both NearLink variants expose the same public API to the relay (214.9869ms)
✔ NearLink Kit stays in the HarmonyOS source root and the relay resolves the adapter per target (16.6232ms)
✔ build profiles keep the HarmonyOS product unchanged and add an Oniro product (8.8898ms)
SAFEMESH_TRANSPORT_PEER mode=nearlink connected=true name=B
✔ delivery codecs bound packets and never confuse acknowledgements with alerts (8.9941ms)
✔ all current messages enter a delayed peer queue and each pump is bounded to four writes (16.9039ms)
✔ only an expected peer, sent token, issuer, alert ID and revision can acknowledge an item (2.8598ms)
✔ loss uses bounded 2s/4s retries, then reports failure instead of claiming delivery (2.4477ms)
✔ a lost ACK triggers a duplicate ACK without forwarding the alert twice to the next peer (11.9044ms)
✔ expiry prunes pending packets and stale acknowledgements cannot revive them (3.0886ms)
SAFEMESH_RELAY_RECEIVE node=nearlink status=ack_matched alertId=cached-0 hops=-1
SAFEMESH_RELAY_RECEIVE node=nearlink status=ack_matched alertId=cached-1 hops=-1
SAFEMESH_RELAY_RECEIVE node=nearlink status=ack_matched alertId=cached-2 hops=-1
SAFEMESH_TRANSPORT_PEER mode=nearlink connected=false name=B
SAFEMESH_TRANSPORT_PEER mode=nearlink connected=true name=B
SAFEMESH_TRANSPORT_PEER mode=nearlink connected=true name=A
✔ restored ViewModel synchronizes all messages to a late peer and re-syncs on reconnect (65.8394ms)
SAFEMESH_TRANSPORT_PEER mode=nearlink connected=true name=C
SAFEMESH_RELAY_RECEIVE node=nearlink status=invalid alertId=alert-A hops=0
SAFEMESH_RELAY_RECEIVE node=nearlink status=expired alertId=expired hops=0
SAFEMESH_RELAY_RECEIVE node=nearlink status=malformed alertId= hops=-1
SAFEMESH_RELAY_RECEIVE node=nearlink status=accepted alertId=alert-A hops=0
SAFEMESH_RELAY_RECEIVE node=nearlink status=duplicate alertId=alert-A hops=0
SAFEMESH_RESTORE_ERROR Error: disk unavailable
SAFEMESH_TRANSPORT_PEER mode=nearlink connected=true name=B
SAFEMESH_RESTORE_ERROR Error: disk unavailable
✔ VM sends success ACK only for verified current data; duplicates ACK without re-flooding (5.7342ms)
SAFEMESH_RESTORE_ERROR Error: disk unavailable
SAFEMESH_RELAY_RECEIVE node=nearlink status=invalid alertId=alert-A hops=0
SAFEMESH_RELAY_RECEIVE node=nearlink status=accepted alertId=alert-A hops=0
SAFEMESH_TRANSPORT_PEER mode=nearlink connected=true name=B
✔ startup read failure blocks relay and a later successful restoration can recover (3.5693ms)
✔ stop cancels queued work and late callbacks cannot restart radio transmission (6.0107ms)
✔ queue bounds retain no more than eight peers and 128 alerts per peer (103.5156ms)
✔ a hung native send has a three-second app deadline and remains pending without a false receipt (1.3966ms)
✔ stop releases a hung send immediately and handles a later native rejection (3.53ms)
SAFEMESH_TRANSPORT_STATUS mode=emulator state=lab_ready peers=0
SAFEMESH_TRANSPORT_PEER mode=emulator connected=true name=B
✔ stop during restore, native startup or discovery cannot revive foreground radio work (2.2162ms)
SAFEMESH_TRANSPORT_STATUS mode=emulator state=lab_ready peers=0
SAFEMESH_TRANSPORT_STATUS mode=nearlink state=available peers=0
✔ switching emulator roles and back to hardware ignores all callbacks from the retired transport (9.8127ms)
SAFEMESH_TRANSPORT_STATUS mode=emulator state=lab_ready peers=0
SAFEMESH_TRANSPORT_STATUS mode=emulator state=lab_ready peers=0
SAFEMESH_TRANSPORT_PEER mode=emulator connected=true name=Emulator B
SAFEMESH_TRANSPORT_STATUS mode=emulator state=lab_ready peers=1
SAFEMESH_TRANSPORT_PEER mode=emulator connected=true name=Emulator A
SAFEMESH_TRANSPORT_STATUS mode=emulator state=lab_ready peers=1
SAFEMESH_RELAY_RECEIVE node=B status=accepted alertId=three-app-hop hops=1
SAFEMESH_RELAY_RECEIVE node=A status=ack_matched alertId=three-app-hop hops=-1
✔ a stopped or superseded emulator startup cannot overwrite or close the replacement link (1.6696ms)
SAFEMESH_TRANSPORT_PEER mode=emulator connected=false name=Emulator A
SAFEMESH_TRANSPORT_STATUS mode=emulator state=lab_ready peers=0
SAFEMESH_TRANSPORT_PEER mode=emulator connected=true name=Emulator C
SAFEMESH_TRANSPORT_STATUS mode=emulator state=lab_ready peers=1
SAFEMESH_TRANSPORT_PEER mode=emulator connected=true name=Emulator B
SAFEMESH_TRANSPORT_STATUS mode=emulator state=lab_ready peers=1
SAFEMESH_RELAY_RECEIVE node=C status=accepted alertId=three-app-hop hops=2
SAFEMESH_RELAY_RECEIVE node=B status=ack_matched alertId=three-app-hop hops=-1
SAFEMESH_TRANSPORT_PEER mode=emulator connected=false name=Emulator B
SAFEMESH_TRANSPORT_STATUS mode=emulator state=lab_ready peers=0
SAFEMESH_TRANSPORT_STATUS mode=emulator state=lab_ready peers=0
SAFEMESH_TRANSPORT_PEER mode=emulator connected=true name=A
✔ three independent app ViewModels relay A to B then to delayed C after A disconnects (8.8832ms)
SAFEMESH_RELAY_RECEIVE node=B status=expired alertId=expired hops=0
SAFEMESH_RELAY_RECEIVE node=B status=invalid alertId=forged hops=0
SAFEMESH_TRANSPORT_STATUS mode=emulator state=lab_ready peers=0
SAFEMESH_TRANSPORT_PEER mode=emulator connected=true name=B
✔ emulator delivery still rejects forged and expired content without success acknowledgements (3.3966ms)
SAFEMESH_TRANSPORT_STATUS mode=emulator state=lab_ready peers=0
SAFEMESH_TRANSPORT_PEER mode=emulator connected=true name=B
SAFEMESH_TRANSPORT_STATUS mode=emulator state=lab_ready peers=0
✔ foreground does not start an unused link, but resumes the active role and cached delivery after suspension (3.9026ms)
✔ explicit stop cancels auto-resume even when foreground is waiting on background cleanup (0.8343ms)
SAFEMESH_TRANSPORT_PEER mode=nearlink connected=true name=B
✔ suspension during connection startup cancels it and does not manufacture a resume intent (1.3549ms)
SAFEMESH_RELAY_RECEIVE node=nearlink status=ack_matched alertId=localized-state hops=-1
SAFEMESH_RELAY_RECEIVE node=nearlink status=ack_unmatched alertId=localized-state hops=-1
SAFEMESH_RELAY_RECEIVE node=nearlink status=malformed alertId= hops=-1
SAFEMESH_RELAY_RECEIVE node=nearlink status=accepted alertId=new-localized-state hops=0
SAFEMESH_RELAY_RECEIVE node=nearlink status=duplicate alertId=new-localized-state hops=0
SAFEMESH_RELAY_RECEIVE node=nearlink status=invalid alertId=forged-localized hops=0
SAFEMESH_TRANSPORT_STATUS mode=emulator state=lab_ready peers=0
SAFEMESH_TRANSPORT_PEER mode=emulator connected=true name=C
✔ packet verdicts and acknowledgements expose localization states without diagnostic sentences (6.8138ms)
SAFEMESH_TRANSPORT_ERROR mode=emulator op=send code=401 message=Invalid individual packet
SAFEMESH_TRANSPORT_STATUS mode=emulator state=lab_disconnected peers=0
SAFEMESH_TRANSPORT_ERROR mode=emulator op=receive code=401 message=Unknown individual sender
SAFEMESH_TRANSPORT_STATUS mode=emulator state=lab_ready peers=0
SAFEMESH_TRANSPORT_ERROR mode=emulator op=socket code=200 message=Hard connection failure
SAFEMESH_TRANSPORT_STATUS mode=emulator state=lab_ready peers=0
SAFEMESH_TRANSPORT_STATUS mode=emulator state=lab_error peers=0
SAFEMESH_TRANSPORT_ERROR mode=emulator op=receive code=401 message=Malformed hub protocol
SAFEMESH_TRANSPORT_ERROR mode=nearlink op=discover code=401 message=Invalid name
SAFEMESH_TRANSPORT_STATUS mode=nearlink state=off peers=0
SAFEMESH_TRANSPORT_ERROR mode=nearlink op=send code=1009700023 message=Busy
SAFEMESH_TRANSPORT_PEER mode=nearlink connected=true name=B
✔ public connection state survives queued or rejected packets but clears on socket closure and hard failures (3.3393ms)
✔ NearLink operation errors preserve its active listener while radio-off status ends the session (1.189ms)
✔ loading the bundled exercise on an active link queues it for already-connected peers (2.966ms)
(node:10728) ExperimentalWarning: stripTypeScriptTypes is an experimental feature and might change at any time
(Use `node --trace-warnings ...` to show where the warning was created)
✔ probing the lab neither creates a native socket nor fabricates peers; invalid roles cannot connect (3.1489ms)
✔ start is shared and readiness requires open plus the server peer handshake (4.0218ms)
✔ only topology peers are emitted, and removed or unknown senders cannot deliver packets (8.0618ms)
✔ each fixed emulator role uses its own reverse port and diagnostics exclude packet contents (3.6808ms)
✔ outgoing and incoming packet limits count UTF-8 bytes, and JSON expansion is bounded separately (17.5783ms)
✔ malformed, extra-field and invalid peer handshakes fail closed without partially accepting peers (7.7705ms)
✔ binary frames and packets before a completed handshake cannot bypass the protocol (0.7129ms)
✔ stop cancels an in-flight write, detaches handlers, emits peer losses and ignores late callbacks (1.1598ms)
✔ stop during a deferred native connect settles start and prevents late connection revival (0.5611ms)
✔ handshake and send deadlines settle callers; cleanup remains bounded if native close never resolves (1.9973ms)
✔ hub rejection, failed native connect and close events report truthful disconnected state (0.9652ms)
✔ fatal errors preserve the final diagnostic after peer cleanup and a reconnect clears the old failure (0.8468ms)
✔ multiple verified arrivals form an unread inbox; selecting older detail never changes latest Home (666.0225ms)
✔ duplicate cannot overwrite receipts or read state; a higher revision replaces one row and becomes unread (340.5769ms)
✔ atomic inbox restore re-verifies content and retains read/provenance without arrival banners (193.7301ms)
✔ legacy caches restore as known/read with unknown receipt time; metadata never invents alerts (143.2767ms)
✔ concurrent restore, opening a saved item and receiving a new item preserve both read-state updates (108.0109ms)
✔ queued writes do not let a slow accepted snapshot overwrite a later read or second arrival (90.3018ms)
✔ failed atomic commit retains prior durable inbox while authenticated session content remains visible (80.3799ms)
✔ a duplicate repairs a failed first commit without new unread, arrival, receipt time or source (67.1765ms)
✔ opening an already-read item retries a failed read-state commit and survives restart without a new banner (59.6034ms)
✔ all inbox rows localize signed content with detached snapshots and no new arrival event (58.5451ms)
✔ the earliest inbox expiry prunes an unselected row, unread count and banner before the Home alert expires (53.958ms)
✔ inbox shares the 128-message bound and constrains unsigned source metadata (150.6228ms)
SAFEMESH_TRANSPORT_PEER mode=nearlink connected=true name=peer-B
✔ a forged incoming packet preserves the authentic displayed title and badge (12.168ms)
✔ an expired incoming packet cannot replace an active verified alert (3.6925ms)
✔ persisted replay history restores and re-verifies before the first network packet (5.941ms)
✔ disk failure leaves the authenticated in-memory alert intact and reports save failure (2.4595ms)
SAFEMESH_RELAY_RECEIVE node=nearlink status=invalid alertId=krakow-hackyeah-exercise-001 hops=0
SAFEMESH_RELAY_RECEIVE node=nearlink status=malformed alertId= hops=-1
SAFEMESH_TRANSPORT_PEER mode=nearlink connected=true name=peer-B
✔ forged and malformed packets produce no outgoing radio traffic (11.2589ms)
SAFEMESH_RELAY_RECEIVE node=nearlink status=accepted alertId=krakow-hackyeah-exercise-001 hops=0
SAFEMESH_TRANSPORT_PEER mode=nearlink connected=true name=peer-B
✔ a genuine arrival forwards its exact signature at hop one while excluding its sender (7.4894ms)
SAFEMESH_RELAY_RECEIVE node=nearlink status=duplicate alertId=krakow-hackyeah-exercise-001 hops=0
SAFEMESH_RELAY_RECEIVE node=nearlink status=accepted alertId=krakow-hackyeah-exercise-001 hops=0
SAFEMESH_TRANSPORT_PEER mode=nearlink connected=true name=peer-B
✔ concurrent arrivals forward once and busy remains set until persistence finishes (7.9773ms)
SAFEMESH_RELAY_RECEIVE node=nearlink status=accepted alertId=krakow-hackyeah-exercise-001 hops=0
SAFEMESH_TRANSPORT_PEER mode=nearlink connected=true name=C
✔ fire-and-forget receive/send failures are handled without losing verified content (4.1832ms)
✔ exact expiry clears the displayed alert and prevents any further relay (2.4745ms)
SAFEMESH_NATIVE_DIAGNOSTICS PASS [{"id":"0","titleKey":"relay_event_a","detailKey":"relay_detail_a","status":"accepted","good":true},{"id":"1","titleKey":"relay_event_b","detailKey":"relay_detail_b","status":"accepted","good":true},{"id":"2","titleKey":"relay_event_c","detailKey":"relay_detail_c","status":"accepted","good":true},{"id":"3","titleKey":"relay_event_duplicate","detailKey":"relay_detail_duplicate","status":"duplicate","good":true},{"id":"4","titleKey":"relay_event_tampered","detailKey":"relay_detail_tampered","status":"invalid","good":true},{"id":"5","titleKey":"relay_event_expired","detailKey":"relay_detail_expired","status":"expired","good":true}]
✔ native-diagnostic workflow exposes stable localization keys and verdicts for all six checks (822.494ms)
✔ base and English resources agree, all locales have complete unique nonempty UTF-8 keys (6.9399ms)
✔ packet verdicts, test events and map access states have localized labels rather than raw enum values (0.3819ms)
✔ every literal UI string key resolves in all languages (9.023ms)
✔ Polish copy has no old English diagnostic or exercise-body text and preserves essential limits (0.4671ms)
(node:28544) ExperimentalWarning: stripTypeScriptTypes is an experimental feature and might change at any time
(Use `node --trace-warnings ...` to show where the warning was created)
✔ foreground location requests permissions only when supported and respects denial or disabled services (1.9602ms)
✔ one-shot location uses a bounded request, permits approximate-only consent and returns provider accuracy (1.3365ms)
✔ invalid locations and provider failures never become successful fixes (0.9449ms)
(node:25184) ExperimentalWarning: stripTypeScriptTypes is an experimental feature and might change at any time
(Use `node --trace-warnings ...` to show where the warning was created)
✔ compiled reference data preserves JSON source records, licensing and finite pack bounds (5.438ms)
✔ all source geometry and cached shape bounds are finite, complete and consistent (21.558ms)
✔ straight-line distance uses metres, stays finite at antipodes and orders real points (3.8798ms)
✔ unknown selected IDs cannot mutate any model state or move the map to 0,0 (28.0854ms)
✔ valid selection centers an existing source point; recenter retains origin and sensible zoom (3.6603ms)
✔ native map coordinate methods align east/north and use near-isotropic local distance (1.7747ms)
✔ map waits for native readiness and batches actual geometry within a small stroke budget (10.7348ms)
✔ marker picking reports a visible source ID and leaves empty locations unselected (1.6173ms)
✔ save badge changes only after durable success, keeps the original requested point during selection changes (1.9126ms)
✔ saved-point restore ignores unknown IDs, handles errors and cannot overwrite a concurrent newer save (1.7709ms)
✔ device origin only accepts a usable fix in the downloaded area and reorders real distances (2.092ms)
✔ a late location response cannot replace a user-selected reset to the demo origin (0.9481ms)
✔ address search accepts an accent-free Polish keyboard, token order and whitespace without changing map selection (21.2723ms)
✔ access categories expose only stable localization keys and retain point provenance after origin changes (3.117ms)
✔ distance presentation follows the selected language and guards unavailable values (3.1224ms)
✔ saved-point entry is absent for missing IDs and returns the durable point independently of current selection (9.019ms)
✔ selected marker paints above coincident points and origin, and hit testing agrees with the visible marker (10.2083ms)
✔ theme revision re-reads Canvas resources for the selected marker (5.5733ms)
✔ real WebSocket peers enforce A-B-C topology and forward unchanged opaque packets without alert logs (165.8215ms)
✔ topology controls update neighbors, offline sends have no hub backlog, and disconnect releases role (94.9247ms)
✔ a stale-peer send after topology loss does not disconnect the healthy sender or its other neighbor (71.0457ms)
✔ duplicate roles, invalid hello and fourth connections cannot replace real peers (45.7473ms)
✔ explicit drop fixtures count data/ACK loss and never synthesize acknowledgements (29.9778ms)
✔ fault injection is explicit, counted and opaque; invalid control is atomic (41.696ms)
✔ UTF-8 packet limits and hello deadline close only the offending client (143.1418ms)
✔ HTTP control requires local Host, same origin and JSON; body and topology are bounded (55.4166ms)
✔ HDC WebSocket aliases 8765/8766/8767 accept matching origins without permitting HTTP administration (30.6066ms)
✔ WebSocket aliases reject unrelated ports/origins and diagnostics exclude secrets and query strings (20.4174ms)
✔ HarmonyOS API24 portless loopback Origin works only for matching WebSocket Host, never HTTP admin (18.2729ms)
✔ RFC6455 masked fragmented text and interleaved ping work across TCP chunk boundaries (22.3404ms)
✔ RFC6455 rejects unmasked, binary, reserved-bit, malformed control and invalid UTF-8 frames (44.0237ms)
✔ RFC6455 oversized frame declaration and cumulative fragment size fail without unbounded allocation (22.1967ms)
✔ RFC6455 empty-fragment floods have a bounded fragment count (21.0904ms)
✔ heartbeat reaps a silent session, publishes peer loss and releases its role without dropping healthy apps (700.2233ms)
✔ only the outstanding heartbeat nonce is acknowledged; stale, unrelated pongs and data cannot keep a session alive (309.1525ms)
✔ hub shutdown cancels an outstanding heartbeat without delayed disconnect activity (235.302ms)
✔ unsupported emulator neither imports NearLink Kit nor fabricates peers (17.0535ms)
✔ discovery requires a nonempty valid exact name filter (4.9852ms)
✔ peer is counted only after an SDK connection callback (5.8624ms)
✔ MTU-sized writes and arbitrary 7-byte reads preserve UTF-8 packets (8.9884ms)
✔ coalesced frames are decoded as separate messages (2.9377ms)
✔ oversized payloads, malformed headers and invalid UTF-8 are rejected (1.9301ms)
✔ stop releases listeners, clears channel count and rejects further writes (2.045ms)
✔ stopping during a permission request prevents port creation and advertising after consent arrives (36.7711ms)
✔ concurrent starts share one request and a late advertisement is stopped after cancellation (3.5253ms)
✔ confirmed connections clear deadlines and a late connect cannot survive stop (3.7573ms)
✔ stop interrupts a multi-chunk send without claiming a completed local write (2.3726ms)
✔ intermediate connection states retain the pending request until confirmation or timeout (1.8337ms)
✔ empty persisted alerts and empty wire frames are rejected with the native empty-encoder behavior (5.5808ms)
✔ real P-256 signed fixture verifies; every security-relevant field is signed (14.7628ms)
✔ v2 authenticates the original language and every alternate string, including alternate removal (5.2823ms)
✔ malformed, duplicate, unsupported and oversized translations fail before verification (1.2916ms)
✔ v1 canonical bytes and real signature verification remain compatible; unsigned language metadata is rejected (3.8199ms)
✔ version 2 allows a source-only signed alert without inventing a translation (0.7038ms)
✔ forgery cannot poison replay state; duplicate and concurrent replay suppressed (3.0436ms)
✔ demo authority can never authorize a live alert or unknown key (0.5025ms)
✔ expired, future, malformed, oversized and hop-exhausted messages handled (1.4095ms)
✔ three peers relay exact signed content offline and refuse loops (4.0398ms)
✔ caller mutation cannot modify the authenticated cache or an in-flight candidate (2.1425ms)
✔ bounded decoder rejects malformed JSON and primitive shape attacks (0.9916ms)
✔ persistence re-verifies; forged entries not restored and replays still refused (2.3165ms)
✔ bounded cache fails closed; older revisions cannot replace newer alerts (5.6857ms)
✔ actual LocalStore round-trips a maximum-size snapshot and respects every native string bound (435.6577ms)
✔ the prior generation remains the head until all replacement chunks have flushed (45.6279ms)
✔ failed staging put or flush preserves a complete prior generation after restart (123.9431ms)
✔ failed head publication rolls back memory; any durable generation is complete (102.2331ms)
✔ uninitialized operations reject and operations during initialization await readiness (20.4141ms)
✔ serialized concurrent reads and writes cannot mix generations (24.5259ms)
✔ legacy values and empty values work; corrupt or oversized values fail closed (18.9913ms)
ℹ tests 172
ℹ suites 0
ℹ pass 172
ℹ fail 0
ℹ cancelled 0
ℹ skipped 0
ℹ todo 0
ℹ duration_ms 2571.1618
ArkTS check: harmonyos source set
No errors found in 21 file(s).
powershell : 
At line:1 char:649
+ ... final.log'; powershell -NoProfile -ExecutionPolicy Bypass -File scrip ...
+                 ~~~~~~~~~~~~~~~~~~~~~~~~~~~~~~~~~~~~~~~~~~~~~~~~~~~~~~~~~
    + CategoryInfo          : NotSpecified: (:String) [], RemoteException
    + FullyQualifiedErrorId : NativeCommandError
 
Warnings (36):
entry\src\main\ets\model\AlertProtocol.ets:193:13 - warning: Function may throw exceptions. Special handling is require
d.
entry\src\main\ets\model\AlertProtocol.ets:193:13 - warning: Function may throw exceptions. Special handling is require
d.
entry\src\main\ets\model\AlertProtocol.ets:194:46 - warning: Function may throw exceptions. Special handling is require
d.
entry\src\main\ets\model\AlertProtocol.ets:195:11 - warning: Function may throw exceptions. Special handling is require
d.
entry\src\main\ets\model\AlertProtocol.ets:200:12 - warning: Function may throw exceptions. Special handling is require
d.
entry\src\main\ets\model\DeliveryProtocol.ets:29:29 - warning: Function may throw exceptions. Special handling is requi
red.
entry\src\main\ets\model\DeliveryProtocol.ets:29:29 - warning: Function may throw exceptions. Special handling is requi
red.
entry\src\main\ets\model\AuthorityClient.ets:42:49 - warning: Function may throw exceptions. Special handling is requir
ed.
entry\src\main\ets\model\AuthorityClient.ets:42:57 - warning: To use this API, you need to apply for the permissions: o
hos.permission.INTERNET
entry\src\main\ets\model\DeviceLocation.ets:27:78 - warning: To use this API, you need to apply for the permissions: oh
os.permission.APPROXIMATELY_LOCATION
entry\src\main\ets\model\LocalStore.ets:113:24 - warning: Function may throw exceptions. Special handling is required.
entry\src\main\ets\transport\NearLinkTransport.ets:105:20 - warning: To use this API, you need to apply for the permiss
ions: ohos.permission.ACCESS_NEARLINK
entry\src\main\ets\transport\NearLinkTransport.ets:107:20 - warning: To use this API, you need to apply for the permiss
ions: ohos.permission.ACCESS_NEARLINK
entry\src\main\ets\transport\NearLinkTransport.ets:109:20 - warning: To use this API, you need to apply for the permiss
ions: ohos.permission.ACCESS_NEARLINK
entry\src\main\ets\transport\NearLinkTransport.ets:111:12 - warning: To use this API, you need to apply for the permiss
ions: ohos.permission.ACCESS_NEARLINK
entry\src\main\ets\transport\NearLinkTransport.ets:113:55 - warning: To use this API, you need to apply for the permiss
ions: ohos.permission.ACCESS_NEARLINK
entry\src\main\ets\transport\NearLinkTransport.ets:118:27 - warning: To use this API, you need to apply for the permiss
ions: ohos.permission.ACCESS_NEARLINK
entry\src\main\ets\transport\NearLinkTransport.ets:147:20 - warning: To use this API, you need to apply for the permiss
ions: ohos.permission.ACCESS_NEARLINK
entry\src\main\ets\transport\NearLinkTransport.ets:150:18 - warning: To use this API, you need to apply for the permiss
ions: ohos.permission.ACCESS_NEARLINK
entry\src\main\ets\transport\NearLinkTransport.ets:152:20 - warning: To use this API, you need to apply for the permiss
ions: ohos.permission.ACCESS_NEARLINK
entry\src\main\ets\transport\NearLinkTransport.ets:181:26 - warning: To use this API, you need to apply for the permiss
ions: ohos.permission.ACCESS_NEARLINK
entry\src\main\ets\transport\NearLinkTransport.ets:188:28 - warning: To use this API, you need to apply for the permiss
ions: ohos.permission.ACCESS_NEARLINK
entry\src\main\ets\transport\NearLinkTransport.ets:245:28 - warning: To use this API, you need to apply for the permiss
ions: ohos.permission.ACCESS_NEARLINK
entry\src\main\ets\transport\NearLinkTransport.ets:283:82 - warning: To use this API, you need to apply for the permiss
ions: ohos.permission.ACCESS_NEARLINK
entry\src\main\ets\transport\NearLinkTransport.ets:287:31 - warning: To use this API, you need to apply for the permiss
ions: ohos.permission.ACCESS_NEARLINK
entry\src\main\ets\transport\NearLinkTransport.ets:291:83 - warning: To use this API, you need to apply for the permiss
ions: ohos.permission.ACCESS_NEARLINK
entry\src\main\ets\transport\NearLinkTransport.ets:295:26 - warning: To use this API, you need to apply for the permiss
ions: ohos.permission.ACCESS_NEARLINK
entry\src\main\ets\transport\NearLinkTransport.ets:299:91 - warning: To use this API, you need to apply for the permiss
ions: ohos.permission.ACCESS_NEARLINK
entry\src\main\ets\transport\NearLinkTransport.ets:304:32 - warning: To use this API, you need to apply for the permiss
ions: ohos.permission.ACCESS_NEARLINK
entry\src\main\ets\transport\NearLinkTransport.ets:308:87 - warning: To use this API, you need to apply for the permiss
ions: ohos.permission.ACCESS_NEARLINK
entry\src\main\ets\transport\EmulatorTransport.ets:115:46 - warning: To use this API, you need to apply for the permiss
ions: ohos.permission.INTERNET
entry\src\main\ets\transport\EmulatorTransport.ets:180:16 - warning: To use this API, you need to apply for the permiss
ions: ohos.permission.INTERNET
entry\src\main\ets\transport\EmulatorTransport.ets:324:20 - warning: To use this API, you need to apply for the permiss
ions: ohos.permission.INTERNET
entry\src\main\ets\pages\Index.ets:157:5 - warning: Function may throw exceptions. Special handling is required.
entry\src\main\ets\pages\Index.ets:307:23 - warning: 'DateTimeFormat' has been deprecated.
entry\src\main\ets\pages\Index.ets:309:10 - warning: 'format' has been deprecated.
ArkTS check: oniro source set
No errors found in 21 file(s).

Warnings (17):
entry\src\main\ets\model\AlertProtocol.ets:193:13 - warning: Function may throw exceptions. Special handling is require
d.
entry\src\main\ets\model\AlertProtocol.ets:193:13 - warning: Function may throw exceptions. Special handling is require
d.
entry\src\main\ets\model\AlertProtocol.ets:194:46 - warning: Function may throw exceptions. Special handling is require
d.
entry\src\main\ets\model\AlertProtocol.ets:195:11 - warning: Function may throw exceptions. Special handling is require
d.
entry\src\main\ets\model\AlertProtocol.ets:200:12 - warning: Function may throw exceptions. Special handling is require
d.
entry\src\main\ets\model\DeliveryProtocol.ets:29:29 - warning: Function may throw exceptions. Special handling is requi
red.
entry\src\main\ets\model\DeliveryProtocol.ets:29:29 - warning: Function may throw exceptions. Special handling is requi
red.
entry\src\main\ets\model\AuthorityClient.ets:42:49 - warning: Function may throw exceptions. Special handling is requir
ed.
entry\src\main\ets\model\AuthorityClient.ets:42:57 - warning: To use this API, you need to apply for the permissions: o
hos.permission.INTERNET
entry\src\main\ets\model\DeviceLocation.ets:27:78 - warning: To use this API, you need to apply for the permissions: oh
os.permission.APPROXIMATELY_LOCATION
entry\src\main\ets\model\LocalStore.ets:113:24 - warning: Function may throw exceptions. Special handling is required.
entry\src\main\ets\transport\EmulatorTransport.ets:115:46 - warning: To use this API, you need to apply for the permiss
ions: ohos.permission.INTERNET
entry\src\main\ets\transport\EmulatorTransport.ets:180:16 - warning: To use this API, you need to apply for the permiss
ions: ohos.permission.INTERNET
entry\src\main\ets\transport\EmulatorTransport.ets:324:20 - warning: To use this API, you need to apply for the permiss
ions: ohos.permission.INTERNET
entry\src\main\ets\pages\Index.ets:157:5 - warning: Function may throw exceptions. Special handling is required.
entry\src\main\ets\pages\Index.ets:307:23 - warning: 'DateTimeFormat' has been deprecated.
entry\src\main\ets\pages\Index.ets:309:10 - warning: 'format' has been deprecated.
No defects found.
Summary: Issues: 0 | Errors: 0 | Warnings: 0 | Suggestions: 0 | Files with issues: 0
Ensure the project source is trustworthy before proceeding.

[ohpm install] Running...
install completed in 0s 76ms

[hvigor sync] Skipped (configurations unchanged)

[hvigor build] Running...
> hvigor UP-TO-DATE :entry:default@PreBuild...  
> hvigor Finished :entry:default@CreateModuleInfo... after 1 ms 
> hvigor UP-TO-DATE :entry:default@GenerateMetadata...  
> hvigor Finished :entry:default@ConfigureCmake... after 1 ms 
> hvigor UP-TO-DATE :entry:default@MergeProfile...  
> hvigor UP-TO-DATE :entry:default@CreateBuildProfile...  
> hvigor Finished :entry:default@PreCheckSyscap... after 1 ms 
> hvigor UP-TO-DATE :entry:default@GeneratePkgContextInfo...  
> hvigor Finished :entry:default@GeneratePkgSdkInfo... after 4 ms 
> hvigor Finished :entry:default@ProcessIntegratedHsp... after 1 ms 
> hvigor Finished :entry:default@BuildNativeWithCmake... after 1 ms 
> hvigor UP-TO-DATE :entry:default@MakePackInfo...  
> hvigor Finished :entry:default@SyscapTransform... after 5 ms 
> hvigor UP-TO-DATE :entry:default@ProcessProfile...  
> hvigor UP-TO-DATE :entry:default@ProcessRouterMap...  
> hvigor UP-TO-DATE :entry:default@ProcessShareConfig...  
> hvigor Finished :entry:default@ProcessStartupConfig... after 5 ms 
> hvigor Finished :entry:default@BuildNativeWithNinja... after 1 ms 
> hvigor UP-TO-DATE :entry:default@ProcessResource...  
> hvigor UP-TO-DATE :entry:default@GenerateLoaderJson...  
> hvigor UP-TO-DATE :entry:default@ProcessLibs...  
> hvigor UP-TO-DATE :entry:default@CompileResource...  
> hvigor UP-TO-DATE :entry:default@DoNativeStrip...  
> hvigor UP-TO-DATE :entry:default@CompileArkTS...  
> hvigor Finished :entry:default@BuildJS... after 3 ms 
> hvigor UP-TO-DATE :entry:default@CacheNativeLibs...  
> hvigor UP-TO-DATE :entry:default@GeneratePkgModuleJson...  
> hvigor Finished :entry:default@ProcessCompiledResources... after 1 ms 
> hvigor UP-TO-DATE :entry:default@PackageHap...  
> hvigor Finished :entry:default@PackingCheck... after 5 ms 
> hvigor WARN: Will skip sign 'hos_hap'. No signingConfigs profile is configured in current project.
             If needed, configure the signingConfigs in C:\Users\user\SafeMesh\build-profile.json5.
> hvigor Finished :entry:default@SignHap... after 2 ms 
> hvigor Finished :entry:default@CollectDebugSymbol... after 2 ms 
> hvigor Finished :entry:assembleHap... after 1 ms 
> hvigor BUILD SUCCESSFUL in 399 ms 

Merged central compile_commands.json for C++ language server.

Build completed successfully
DEVECOCLI_BUILD_EXIT_CODE=0
CHECKS: PASS
