✔ PL/EN selection displays only signed variants and preserves identity, packet bytes and storage (756.4817ms)
✔ a forged alternate is rejected without changing the authentic localized alert (300.3226ms)
✔ missing signed alternate falls back explicitly to the original and never synthesizes content (243.9709ms)
✔ legacy v1 content remains original with an unknown-language fallback in both interface languages (163.8246ms)
✔ restoration verifies before selecting requested content; corrupt persisted alternate stays hidden (182.0045ms)
✔ the actual expiry timer selects an older valid cached alert, then clears every display identity field (123.1779ms)
✔ dispose blocks timer revival by late restore, and resume reselects after expiry while hidden (125.9705ms)
✔ the public lab fixture helper preserves v2 signature validity and derives only intended faults (120.4194ms)
✔ publishing needs an authorized session; malformed token never goes to the network (715.6814ms)
✔ authority session must match pinned key and exercise-only identity (275.7476ms)
✔ native HTTP uses only loopback, disables redirects/proxy/cache and bounds responses (213.9568ms)
✔ a mismatched returned draft is rejected before entering the recipient verifier (154.9378ms)
✔ unauthorized response erases session; logout rejects a late successful login (105.7274ms)
✔ publisher never forwards a rejected signature; signing privilege is separate from relay role (109.0038ms)
✔ successful publication enters the verifier then seeds forwarding automatically (89.8933ms)
✔ uncertain response retry retains request ID; confirmed or edited drafts get a new ID (96.0942ms)
✔ failed mobile persistence retains the draft and retry ID and never claims saved or queues a volatile publication (98.7961ms)
✔ expired idempotency receipts are distinguished from a conflicting draft by the HTTP client (74.8758ms)
✔ expired uncertain publication keeps its text and only a later explicit attempt creates a fresh request ID (93.0938ms)
✔ preparation reuses local key/token; only explicit rotation replaces them; corrupt secrets fail closed (43.5855ms)
✔ fixture refresh preserves the authority pin and requires explicit adoption of a new public key (78.1882ms)
✔ health reveals no key/token; session and issuance require the separate bearer credential (139.8109ms)
✔ actual recipient protocol accepts issued v2 signatures and rejects tampering and unpinned authorities (823.5216ms)
✔ distinct client request IDs produce distinct signed alert identities; metadata logs omit alert content and secrets (22.0759ms)
✔ same request retries return byte-equivalent receipt after a restart; changed drafts cannot reuse its ID (41.9527ms)
✔ concurrent duplicate requests persist and return exactly one issued envelope (23.0327ms)
✔ strict draft schema rejects signer-controlled fields, bad IDs, limits, controls and invalid text (80.6551ms)
✔ HTTP boundary rejects browser Origin, foreign Host, wrong media type, malformed UTF-8 and oversized bodies (49.5242ms)
✔ failed durable write does not publish or acknowledge an alert; retry can succeed (20.5402ms)
✔ new-signature rate budget does not prevent an idempotent retry and resets after its window (24.9184ms)
✔ request budget also bounds unauthenticated traffic (16.4594ms)
✔ journal is bounded to 128 active receipts and expired entries allow subsequent new requests (704.6991ms)
✔ tampered durable receipt causes startup refusal instead of resetting idempotency history (17.8177ms)
✔ the Oniro stub reports NearLink as unsupported and never claims a link or delivery (1.5642ms)
✔ both NearLink variants expose the same public API to the relay (226.1572ms)
✔ NearLink Kit stays in the HarmonyOS source root and the relay resolves the adapter per target (13.9768ms)
✔ build profiles keep the HarmonyOS product unchanged and add an Oniro product (4.7575ms)
SAFEMESH_TRANSPORT_PEER mode=nearlink connected=true name=B
✔ delivery codecs bound packets and never confuse acknowledgements with alerts (6.9886ms)
✔ all current messages enter a delayed peer queue and each pump is bounded to four writes (54.1069ms)
✔ only an expected peer, sent token, issuer, alert ID and revision can acknowledge an item (3.6477ms)
✔ loss uses bounded 2s/4s retries, then reports failure instead of claiming delivery (2.1914ms)
✔ a lost ACK triggers a duplicate ACK without forwarding the alert twice to the next peer (5.3516ms)
✔ expiry prunes pending packets and stale acknowledgements cannot revive them (1.963ms)
SAFEMESH_RELAY_RECEIVE node=nearlink status=ack_matched alertId=cached-0 hops=-1
SAFEMESH_RELAY_RECEIVE node=nearlink status=ack_matched alertId=cached-1 hops=-1
SAFEMESH_RELAY_RECEIVE node=nearlink status=ack_matched alertId=cached-2 hops=-1
SAFEMESH_TRANSPORT_PEER mode=nearlink connected=false name=B
SAFEMESH_TRANSPORT_PEER mode=nearlink connected=true name=B
SAFEMESH_TRANSPORT_PEER mode=nearlink connected=true name=A
✔ restored ViewModel synchronizes all messages to a late peer and re-syncs on reconnect (54.5692ms)
SAFEMESH_TRANSPORT_PEER mode=nearlink connected=true name=C
SAFEMESH_RELAY_RECEIVE node=nearlink status=invalid alertId=alert-A hops=0
SAFEMESH_RELAY_RECEIVE node=nearlink status=expired alertId=expired hops=0
SAFEMESH_RELAY_RECEIVE node=nearlink status=malformed alertId= hops=-1
SAFEMESH_RELAY_RECEIVE node=nearlink status=accepted alertId=alert-A hops=0
SAFEMESH_RELAY_RECEIVE node=nearlink status=duplicate alertId=alert-A hops=0
SAFEMESH_RESTORE_ERROR Error: disk unavailable
SAFEMESH_TRANSPORT_PEER mode=nearlink connected=true name=B
SAFEMESH_RESTORE_ERROR Error: disk unavailable
✔ VM sends success ACK only for verified current data; duplicates ACK without re-flooding (6.1318ms)
SAFEMESH_RESTORE_ERROR Error: disk unavailable
SAFEMESH_RELAY_RECEIVE node=nearlink status=invalid alertId=alert-A hops=0
SAFEMESH_RELAY_RECEIVE node=nearlink status=accepted alertId=alert-A hops=0
SAFEMESH_TRANSPORT_PEER mode=nearlink connected=true name=B
✔ startup read failure blocks relay and a later successful restoration can recover (5.3397ms)
✔ stop cancels queued work and late callbacks cannot restart radio transmission (4.2843ms)
✔ queue bounds retain no more than eight peers and 128 alerts per peer (128.3511ms)
✔ a hung native send has a three-second app deadline and remains pending without a false receipt (2.084ms)
✔ stop releases a hung send immediately and handles a later native rejection (3.2361ms)
SAFEMESH_TRANSPORT_STATUS mode=emulator state=lab_ready peers=0
SAFEMESH_TRANSPORT_PEER mode=emulator connected=true name=B
✔ stop during restore, native startup or discovery cannot revive foreground radio work (2.2739ms)
SAFEMESH_TRANSPORT_STATUS mode=emulator state=lab_ready peers=0
SAFEMESH_TRANSPORT_STATUS mode=nearlink state=available peers=0
✔ switching emulator roles and back to hardware ignores all callbacks from the retired transport (5.3319ms)
SAFEMESH_TRANSPORT_STATUS mode=emulator state=lab_ready peers=0
SAFEMESH_TRANSPORT_STATUS mode=emulator state=lab_ready peers=0
SAFEMESH_TRANSPORT_PEER mode=emulator connected=true name=Emulator B
SAFEMESH_TRANSPORT_STATUS mode=emulator state=lab_ready peers=1
SAFEMESH_TRANSPORT_PEER mode=emulator connected=true name=Emulator A
SAFEMESH_TRANSPORT_STATUS mode=emulator state=lab_ready peers=1
SAFEMESH_RELAY_RECEIVE node=B status=accepted alertId=three-app-hop hops=1
SAFEMESH_RELAY_RECEIVE node=A status=ack_matched alertId=three-app-hop hops=-1
✔ a stopped or superseded emulator startup cannot overwrite or close the replacement link (1.7598ms)
SAFEMESH_TRANSPORT_PEER mode=emulator connected=false name=Emulator A
SAFEMESH_TRANSPORT_STATUS mode=emulator state=lab_ready peers=0
SAFEMESH_TRANSPORT_PEER mode=emulator connected=true name=Emulator C
SAFEMESH_TRANSPORT_STATUS mode=emulator state=lab_ready peers=1
SAFEMESH_TRANSPORT_PEER mode=emulator connected=true name=Emulator B
SAFEMESH_TRANSPORT_STATUS mode=emulator state=lab_ready peers=1
SAFEMESH_RELAY_RECEIVE node=C status=accepted alertId=three-app-hop hops=2
SAFEMESH_RELAY_RECEIVE node=B status=ack_matched alertId=three-app-hop hops=-1
SAFEMESH_TRANSPORT_PEER mode=emulator connected=false name=Emulator B
SAFEMESH_TRANSPORT_STATUS mode=emulator state=lab_ready peers=0
SAFEMESH_TRANSPORT_STATUS mode=emulator state=lab_ready peers=0
SAFEMESH_TRANSPORT_PEER mode=emulator connected=true name=A
✔ three independent app ViewModels relay A to B then to delayed C after A disconnects (13.6069ms)
SAFEMESH_RELAY_RECEIVE node=B status=expired alertId=expired hops=0
SAFEMESH_RELAY_RECEIVE node=B status=invalid alertId=forged hops=0
SAFEMESH_TRANSPORT_STATUS mode=emulator state=lab_ready peers=0
SAFEMESH_TRANSPORT_PEER mode=emulator connected=true name=B
✔ emulator delivery still rejects forged and expired content without success acknowledgements (2.7316ms)
SAFEMESH_TRANSPORT_STATUS mode=emulator state=lab_ready peers=0
SAFEMESH_TRANSPORT_PEER mode=emulator connected=true name=B
SAFEMESH_TRANSPORT_STATUS mode=emulator state=lab_ready peers=0
✔ foreground does not start an unused link, but resumes the active role and cached delivery after suspension (3.3885ms)
✔ explicit stop cancels auto-resume even when foreground is waiting on background cleanup (0.6928ms)
SAFEMESH_TRANSPORT_PEER mode=nearlink connected=true name=B
✔ suspension during connection startup cancels it and does not manufacture a resume intent (1.2458ms)
SAFEMESH_RELAY_RECEIVE node=nearlink status=ack_matched alertId=localized-state hops=-1
SAFEMESH_RELAY_RECEIVE node=nearlink status=ack_unmatched alertId=localized-state hops=-1
SAFEMESH_RELAY_RECEIVE node=nearlink status=malformed alertId= hops=-1
SAFEMESH_RELAY_RECEIVE node=nearlink status=accepted alertId=new-localized-state hops=0
SAFEMESH_RELAY_RECEIVE node=nearlink status=duplicate alertId=new-localized-state hops=0
SAFEMESH_RELAY_RECEIVE node=nearlink status=invalid alertId=forged-localized hops=0
SAFEMESH_TRANSPORT_STATUS mode=emulator state=lab_ready peers=0
SAFEMESH_TRANSPORT_PEER mode=emulator connected=true name=C
✔ packet verdicts and acknowledgements expose localization states without diagnostic sentences (3.9906ms)
SAFEMESH_TRANSPORT_ERROR mode=emulator op=send code=401 message=Invalid individual packet
SAFEMESH_TRANSPORT_ERROR mode=emulator op=receive code=401 message=Unknown individual sender
SAFEMESH_TRANSPORT_STATUS mode=emulator state=lab_disconnected peers=0
SAFEMESH_TRANSPORT_STATUS mode=emulator state=lab_ready peers=0
SAFEMESH_TRANSPORT_ERROR mode=emulator op=socket code=200 message=Hard connection failure
SAFEMESH_TRANSPORT_STATUS mode=emulator state=lab_ready peers=0
SAFEMESH_TRANSPORT_STATUS mode=emulator state=lab_error peers=0
SAFEMESH_TRANSPORT_ERROR mode=emulator op=receive code=401 message=Malformed hub protocol
SAFEMESH_TRANSPORT_ERROR mode=nearlink op=discover code=401 message=Invalid name
SAFEMESH_TRANSPORT_STATUS mode=nearlink state=off peers=0
SAFEMESH_TRANSPORT_ERROR mode=nearlink op=send code=1009700023 message=Busy
SAFEMESH_TRANSPORT_PEER mode=nearlink connected=true name=B
✔ public connection state survives queued or rejected packets but clears on socket closure and hard failures (4.3617ms)
✔ NearLink operation errors preserve its active listener while radio-off status ends the session (0.704ms)
✔ loading the bundled exercise on an active link queues it for already-connected peers (4.1517ms)
(node:28820) ExperimentalWarning: stripTypeScriptTypes is an experimental feature and might change at any time
(Use `node --trace-warnings ...` to show where the warning was created)
✔ probing the lab neither creates a native socket nor fabricates peers; invalid roles cannot connect (3.3776ms)
✔ start is shared and readiness requires open plus the server peer handshake (9.517ms)
✔ only topology peers are emitted, and removed or unknown senders cannot deliver packets (2.5926ms)
✔ each fixed emulator role uses its own reverse port and diagnostics exclude packet contents (6.5607ms)
✔ outgoing and incoming packet limits count UTF-8 bytes, and JSON expansion is bounded separately (7.4946ms)
✔ malformed, extra-field and invalid peer handshakes fail closed without partially accepting peers (8.2077ms)
✔ binary frames and packets before a completed handshake cannot bypass the protocol (0.8769ms)
✔ stop cancels an in-flight write, detaches handlers, emits peer losses and ignores late callbacks (1.2087ms)
✔ stop during a deferred native connect settles start and prevents late connection revival (0.5747ms)
✔ handshake and send deadlines settle callers; cleanup remains bounded if native close never resolves (2.1781ms)
✔ hub rejection, failed native connect and close events report truthful disconnected state (1.1585ms)
✔ fatal errors preserve the final diagnostic after peer cleanup and a reconnect clears the old failure (1.2756ms)
✔ multiple verified arrivals form an unread inbox; selecting older detail never changes latest Home (625.7504ms)
✔ duplicate cannot overwrite receipts or read state; a higher revision replaces one row and becomes unread (336.3014ms)
✔ atomic inbox restore re-verifies content and retains read/provenance without arrival banners (278.2794ms)
✔ legacy caches restore as known/read with unknown receipt time; metadata never invents alerts (150.4055ms)
✔ concurrent restore, opening a saved item and receiving a new item preserve both read-state updates (121.4798ms)
✔ queued writes do not let a slow accepted snapshot overwrite a later read or second arrival (129.5241ms)
✔ failed atomic commit retains prior durable inbox while authenticated session content remains visible (103.1525ms)
✔ a duplicate repairs a failed first commit without new unread, arrival, receipt time or source (104.1246ms)
✔ opening an already-read item retries a failed read-state commit and survives restart without a new banner (94.4728ms)
✔ all inbox rows localize signed content with detached snapshots and no new arrival event (96.0017ms)
✔ the earliest inbox expiry prunes an unselected row, unread count and banner before the Home alert expires (67.4599ms)
✔ inbox shares the 128-message bound and constrains unsigned source metadata (206.4688ms)
SAFEMESH_TRANSPORT_PEER mode=nearlink connected=true name=peer-B
✔ a forged incoming packet preserves the authentic displayed title and badge (18.9986ms)
✔ an expired incoming packet cannot replace an active verified alert (3.9258ms)
✔ persisted replay history restores and re-verifies before the first network packet (7.3888ms)
✔ disk failure leaves the authenticated in-memory alert intact and reports save failure (7.421ms)
SAFEMESH_RELAY_RECEIVE node=nearlink status=invalid alertId=krakow-hackyeah-exercise-001 hops=0
SAFEMESH_RELAY_RECEIVE node=nearlink status=malformed alertId= hops=-1
SAFEMESH_TRANSPORT_PEER mode=nearlink connected=true name=peer-B
✔ forged and malformed packets produce no outgoing radio traffic (35.7326ms)
SAFEMESH_RELAY_RECEIVE node=nearlink status=accepted alertId=krakow-hackyeah-exercise-001 hops=0
SAFEMESH_TRANSPORT_PEER mode=nearlink connected=true name=peer-B
✔ a genuine arrival forwards its exact signature at hop one while excluding its sender (5.1685ms)
SAFEMESH_RELAY_RECEIVE node=nearlink status=duplicate alertId=krakow-hackyeah-exercise-001 hops=0
SAFEMESH_RELAY_RECEIVE node=nearlink status=accepted alertId=krakow-hackyeah-exercise-001 hops=0
SAFEMESH_TRANSPORT_PEER mode=nearlink connected=true name=peer-B
✔ concurrent arrivals forward once and busy remains set until persistence finishes (4.5409ms)
SAFEMESH_RELAY_RECEIVE node=nearlink status=accepted alertId=krakow-hackyeah-exercise-001 hops=0
SAFEMESH_TRANSPORT_PEER mode=nearlink connected=true name=C
✔ fire-and-forget receive/send failures are handled without losing verified content (9.2019ms)
✔ exact expiry clears the displayed alert and prevents any further relay (1.331ms)
SAFEMESH_NATIVE_DIAGNOSTICS PASS [{"id":"0","titleKey":"relay_event_a","detailKey":"relay_detail_a","status":"accepted","good":true},{"id":"1","titleKey":"relay_event_b","detailKey":"relay_detail_b","status":"accepted","good":true},{"id":"2","titleKey":"relay_event_c","detailKey":"relay_detail_c","status":"accepted","good":true},{"id":"3","titleKey":"relay_event_duplicate","detailKey":"relay_detail_duplicate","status":"duplicate","good":true},{"id":"4","titleKey":"relay_event_tampered","detailKey":"relay_detail_tampered","status":"invalid","good":true},{"id":"5","titleKey":"relay_event_expired","detailKey":"relay_detail_expired","status":"expired","good":true}]
✔ native-diagnostic workflow exposes stable localization keys and verdicts for all six checks (820.8188ms)
✔ base and English resources agree, all locales have complete unique nonempty UTF-8 keys (5.599ms)
✔ packet verdicts, test events and map access states have localized labels rather than raw enum values (0.4189ms)
✔ every literal UI string key resolves in all languages (8.1416ms)
✔ Polish copy has no old English diagnostic or exercise-body text and preserves essential limits (0.4769ms)
(node:5988) ExperimentalWarning: stripTypeScriptTypes is an experimental feature and might change at any time
(Use `node --trace-warnings ...` to show where the warning was created)
✔ foreground location requests permissions only when supported and respects denial or disabled services (2.1663ms)
✔ one-shot location uses a bounded request, permits approximate-only consent and returns provider accuracy (1.4658ms)
✔ invalid locations and provider failures never become successful fixes (0.8676ms)
(node:23724) ExperimentalWarning: stripTypeScriptTypes is an experimental feature and might change at any time
(Use `node --trace-warnings ...` to show where the warning was created)
✔ compiled reference data preserves JSON source records, licensing and finite pack bounds (22.9836ms)
✔ all source geometry and cached shape bounds are finite, complete and consistent (58.6986ms)
✔ straight-line distance uses metres, stays finite at antipodes and orders real points (2.422ms)
✔ unknown selected IDs cannot mutate any model state or move the map to 0,0 (24.1301ms)
✔ valid selection centers an existing source point; recenter retains origin and sensible zoom (4.7691ms)
✔ native map coordinate methods align east/north and use near-isotropic local distance (1.1165ms)
✔ map waits for native readiness and batches actual geometry within a small stroke budget (7.6494ms)
✔ marker picking reports a visible source ID and leaves empty locations unselected (1.6577ms)
✔ save badge changes only after durable success, keeps the original requested point during selection changes (1.7496ms)
✔ saved-point restore ignores unknown IDs, handles errors and cannot overwrite a concurrent newer save (1.7007ms)
✔ device origin only accepts a usable fix in the downloaded area and reorders real distances (2.0691ms)
✔ a late location response cannot replace a user-selected reset to the demo origin (0.919ms)
✔ address search accepts an accent-free Polish keyboard, token order and whitespace without changing map selection (31.557ms)
✔ access categories expose only stable localization keys and retain point provenance after origin changes (2.4553ms)
✔ distance presentation follows the selected language and guards unavailable values (1.0674ms)
✔ saved-point entry is absent for missing IDs and returns the durable point independently of current selection (2.0638ms)
✔ selected marker paints above coincident points and origin, and hit testing agrees with the visible marker (9.6299ms)
✔ theme revision re-reads Canvas resources for the selected marker (5.4143ms)
✔ real WebSocket peers enforce A-B-C topology and forward unchanged opaque packets without alert logs (187.1523ms)
✔ topology controls update neighbors, offline sends have no hub backlog, and disconnect releases role (102.935ms)
✔ a stale-peer send after topology loss does not disconnect the healthy sender or its other neighbor (68.4543ms)
✔ duplicate roles, invalid hello and fourth connections cannot replace real peers (69.8309ms)
✔ explicit drop fixtures count data/ACK loss and never synthesize acknowledgements (38.6009ms)
✔ fault injection is explicit, counted and opaque; invalid control is atomic (43.6888ms)
✔ UTF-8 packet limits and hello deadline close only the offending client (193.131ms)
✔ HTTP control requires local Host, same origin and JSON; body and topology are bounded (79.7538ms)
✔ HDC WebSocket aliases 8765/8766/8767 accept matching origins without permitting HTTP administration (34.922ms)
✔ WebSocket aliases reject unrelated ports/origins and diagnostics exclude secrets and query strings (32.129ms)
✔ HarmonyOS API24 portless loopback Origin works only for matching WebSocket Host, never HTTP admin (17.7443ms)
✔ RFC6455 masked fragmented text and interleaved ping work across TCP chunk boundaries (38.6818ms)
✔ RFC6455 rejects unmasked, binary, reserved-bit, malformed control and invalid UTF-8 frames (45.5362ms)
✔ RFC6455 oversized frame declaration and cumulative fragment size fail without unbounded allocation (28.125ms)
✔ RFC6455 empty-fragment floods have a bounded fragment count (25.4626ms)
✔ heartbeat reaps a silent session, publishes peer loss and releases its role without dropping healthy apps (680.0303ms)
✔ only the outstanding heartbeat nonce is acknowledged; stale, unrelated pongs and data cannot keep a session alive (309.7397ms)
✔ hub shutdown cancels an outstanding heartbeat without delayed disconnect activity (231.0296ms)
✔ unsupported emulator neither imports NearLink Kit nor fabricates peers (7.898ms)
✔ discovery requires a nonempty valid exact name filter (1.8371ms)
✔ peer is counted only after an SDK connection callback (3.4711ms)
✔ MTU-sized writes and arbitrary 7-byte reads preserve UTF-8 packets (9.0403ms)
✔ coalesced frames are decoded as separate messages (7.3386ms)
✔ oversized payloads, malformed headers and invalid UTF-8 are rejected (2.6919ms)
✔ stop releases listeners, clears channel count and rejects further writes (12.1538ms)
✔ stopping during a permission request prevents port creation and advertising after consent arrives (45.5998ms)
✔ concurrent starts share one request and a late advertisement is stopped after cancellation (3.5792ms)
✔ confirmed connections clear deadlines and a late connect cannot survive stop (3.7128ms)
✔ stop interrupts a multi-chunk send without claiming a completed local write (2.031ms)
✔ intermediate connection states retain the pending request until confirmation or timeout (1.5787ms)
✔ API 20-22 phones rely on the NearLink syscap because isNearLinkSupported() starts at API 23 (9.9655ms)
✔ from API 23 the platform capability query decides support (4.2743ms)
✔ empty persisted alerts and empty wire frames are rejected with the native empty-encoder behavior (3.3126ms)
✔ real P-256 signed fixture verifies; every security-relevant field is signed (7.8101ms)
✔ v2 authenticates the original language and every alternate string, including alternate removal (2.5575ms)
✔ malformed, duplicate, unsupported and oversized translations fail before verification (1.0232ms)
✔ v1 canonical bytes and real signature verification remain compatible; unsigned language metadata is rejected (2.0458ms)
✔ version 2 allows a source-only signed alert without inventing a translation (0.6081ms)
✔ forgery cannot poison replay state; duplicate and concurrent replay suppressed (2.4715ms)
✔ demo authority can never authorize a live alert or unknown key (0.9741ms)
✔ expired, future, malformed, oversized and hop-exhausted messages handled (1.1886ms)
✔ three peers relay exact signed content offline and refuse loops (3.5325ms)
✔ caller mutation cannot modify the authenticated cache or an in-flight candidate (1.0284ms)
✔ bounded decoder rejects malformed JSON and primitive shape attacks (1.3313ms)
✔ persistence re-verifies; forged entries not restored and replays still refused (7.3101ms)
✔ bounded cache fails closed; older revisions cannot replace newer alerts (27.358ms)
✔ actual LocalStore round-trips a maximum-size snapshot and respects every native string bound (544.1953ms)
✔ the prior generation remains the head until all replacement chunks have flushed (57.3887ms)
✔ failed staging put or flush preserves a complete prior generation after restart (163.6298ms)
✔ failed head publication rolls back memory; any durable generation is complete (115.0725ms)
✔ uninitialized operations reject and operations during initialization await readiness (24.3961ms)
✔ serialized concurrent reads and writes cannot mix generations (31.5814ms)
✔ legacy values and empty values work; corrupt or oversized values fail closed (20.1453ms)
ℹ tests 174
ℹ suites 0
ℹ pass 174
ℹ fail 0
ℹ cancelled 0
ℹ skipped 0
ℹ todo 0
ℹ duration_ms 2865.4973
ArkTS check: harmonyos source set
No errors found in 21 file(s).
powershell : 
At line:1 char:854
+ ... s-151.log'; powershell -NoProfile -ExecutionPolicy Bypass -File scrip ...
+                 ~~~~~~~~~~~~~~~~~~~~~~~~~~~~~~~~~~~~~~~~~~~~~~~~~~~~~~~~~
    + CategoryInfo          : NotSpecified: (:String) [], RemoteException
    + FullyQualifiedErrorId : NativeCommandError
 
Warnings (36):
entry\src\main\ets\model\AlertProtocol.ets:193:13 - warning: Function may throw exceptions. Special handling is require
d.
entry\src\main\ets\model\AlertProtocol.ets:193:13 - warning: Function may throw exceptions. Special handling is require
d.
entry\src\main\ets\model\AlertProtocol.ets:194:46 - warning: Function may throw exceptions. Special handling is require
d.
entry\src\main\ets\model\AlertProtocol.ets:195:11 - warning: Function may throw exceptions. Special handling is require
d.
entry\src\main\ets\model\AlertProtocol.ets:200:12 - warning: Function may throw exceptions. Special handling is require
d.
entry\src\main\ets\model\DeliveryProtocol.ets:29:29 - warning: Function may throw exceptions. Special handling is requi
red.
entry\src\main\ets\model\DeliveryProtocol.ets:29:29 - warning: Function may throw exceptions. Special handling is requi
red.
entry\src\main\ets\model\AuthorityClient.ets:42:49 - warning: Function may throw exceptions. Special handling is requir
ed.
entry\src\main\ets\model\AuthorityClient.ets:42:57 - warning: To use this API, you need to apply for the permissions: o
hos.permission.INTERNET
entry\src\main\ets\model\DeviceLocation.ets:27:78 - warning: To use this API, you need to apply for the permissions: oh
os.permission.APPROXIMATELY_LOCATION
entry\src\main\ets\model\LocalStore.ets:113:24 - warning: Function may throw exceptions. Special handling is required.
entry\src\main\ets\transport\NearLinkTransport.ets:107:20 - warning: To use this API, you need to apply for the permiss
ions: ohos.permission.ACCESS_NEARLINK
entry\src\main\ets\transport\NearLinkTransport.ets:109:20 - warning: To use this API, you need to apply for the permiss
ions: ohos.permission.ACCESS_NEARLINK
entry\src\main\ets\transport\NearLinkTransport.ets:111:20 - warning: To use this API, you need to apply for the permiss
ions: ohos.permission.ACCESS_NEARLINK
entry\src\main\ets\transport\NearLinkTransport.ets:113:12 - warning: To use this API, you need to apply for the permiss
ions: ohos.permission.ACCESS_NEARLINK
entry\src\main\ets\transport\NearLinkTransport.ets:115:55 - warning: To use this API, you need to apply for the permiss
ions: ohos.permission.ACCESS_NEARLINK
entry\src\main\ets\transport\NearLinkTransport.ets:120:27 - warning: To use this API, you need to apply for the permiss
ions: ohos.permission.ACCESS_NEARLINK
entry\src\main\ets\transport\NearLinkTransport.ets:149:20 - warning: To use this API, you need to apply for the permiss
ions: ohos.permission.ACCESS_NEARLINK
entry\src\main\ets\transport\NearLinkTransport.ets:152:18 - warning: To use this API, you need to apply for the permiss
ions: ohos.permission.ACCESS_NEARLINK
entry\src\main\ets\transport\NearLinkTransport.ets:154:20 - warning: To use this API, you need to apply for the permiss
ions: ohos.permission.ACCESS_NEARLINK
entry\src\main\ets\transport\NearLinkTransport.ets:183:26 - warning: To use this API, you need to apply for the permiss
ions: ohos.permission.ACCESS_NEARLINK
entry\src\main\ets\transport\NearLinkTransport.ets:190:28 - warning: To use this API, you need to apply for the permiss
ions: ohos.permission.ACCESS_NEARLINK
entry\src\main\ets\transport\NearLinkTransport.ets:247:28 - warning: To use this API, you need to apply for the permiss
ions: ohos.permission.ACCESS_NEARLINK
entry\src\main\ets\transport\NearLinkTransport.ets:285:82 - warning: To use this API, you need to apply for the permiss
ions: ohos.permission.ACCESS_NEARLINK
entry\src\main\ets\transport\NearLinkTransport.ets:289:31 - warning: To use this API, you need to apply for the permiss
ions: ohos.permission.ACCESS_NEARLINK
entry\src\main\ets\transport\NearLinkTransport.ets:293:83 - warning: To use this API, you need to apply for the permiss
ions: ohos.permission.ACCESS_NEARLINK
entry\src\main\ets\transport\NearLinkTransport.ets:297:26 - warning: To use this API, you need to apply for the permiss
ions: ohos.permission.ACCESS_NEARLINK
entry\src\main\ets\transport\NearLinkTransport.ets:301:91 - warning: To use this API, you need to apply for the permiss
ions: ohos.permission.ACCESS_NEARLINK
entry\src\main\ets\transport\NearLinkTransport.ets:306:32 - warning: To use this API, you need to apply for the permiss
ions: ohos.permission.ACCESS_NEARLINK
entry\src\main\ets\transport\NearLinkTransport.ets:310:87 - warning: To use this API, you need to apply for the permiss
ions: ohos.permission.ACCESS_NEARLINK
entry\src\main\ets\transport\EmulatorTransport.ets:115:46 - warning: To use this API, you need to apply for the permiss
ions: ohos.permission.INTERNET
entry\src\main\ets\transport\EmulatorTransport.ets:180:16 - warning: To use this API, you need to apply for the permiss
ions: ohos.permission.INTERNET
entry\src\main\ets\transport\EmulatorTransport.ets:324:20 - warning: To use this API, you need to apply for the permiss
ions: ohos.permission.INTERNET
entry\src\main\ets\pages\Index.ets:157:5 - warning: Function may throw exceptions. Special handling is required.
entry\src\main\ets\pages\Index.ets:307:23 - warning: 'DateTimeFormat' has been deprecated.
entry\src\main\ets\pages\Index.ets:309:10 - warning: 'format' has been deprecated.
ArkTS check: oniro source set
No errors found in 21 file(s).

Warnings (17):
entry\src\main\ets\model\AlertProtocol.ets:193:13 - warning: Function may throw exceptions. Special handling is require
d.
entry\src\main\ets\model\AlertProtocol.ets:193:13 - warning: Function may throw exceptions. Special handling is require
d.
entry\src\main\ets\model\AlertProtocol.ets:194:46 - warning: Function may throw exceptions. Special handling is require
d.
entry\src\main\ets\model\AlertProtocol.ets:195:11 - warning: Function may throw exceptions. Special handling is require
d.
entry\src\main\ets\model\AlertProtocol.ets:200:12 - warning: Function may throw exceptions. Special handling is require
d.
entry\src\main\ets\model\DeliveryProtocol.ets:29:29 - warning: Function may throw exceptions. Special handling is requi
red.
entry\src\main\ets\model\DeliveryProtocol.ets:29:29 - warning: Function may throw exceptions. Special handling is requi
red.
entry\src\main\ets\model\AuthorityClient.ets:42:49 - warning: Function may throw exceptions. Special handling is requir
ed.
entry\src\main\ets\model\AuthorityClient.ets:42:57 - warning: To use this API, you need to apply for the permissions: o
hos.permission.INTERNET
entry\src\main\ets\model\DeviceLocation.ets:27:78 - warning: To use this API, you need to apply for the permissions: oh
os.permission.APPROXIMATELY_LOCATION
entry\src\main\ets\model\LocalStore.ets:113:24 - warning: Function may throw exceptions. Special handling is required.
entry\src\main\ets\transport\EmulatorTransport.ets:115:46 - warning: To use this API, you need to apply for the permiss
ions: ohos.permission.INTERNET
entry\src\main\ets\transport\EmulatorTransport.ets:180:16 - warning: To use this API, you need to apply for the permiss
ions: ohos.permission.INTERNET
entry\src\main\ets\transport\EmulatorTransport.ets:324:20 - warning: To use this API, you need to apply for the permiss
ions: ohos.permission.INTERNET
entry\src\main\ets\pages\Index.ets:157:5 - warning: Function may throw exceptions. Special handling is required.
entry\src\main\ets\pages\Index.ets:307:23 - warning: 'DateTimeFormat' has been deprecated.
entry\src\main\ets\pages\Index.ets:309:10 - warning: 'format' has been deprecated.
No defects found.
Summary: Issues: 0 | Errors: 0 | Warnings: 0 | Suggestions: 0 | Files with issues: 0
Ensure the project source is trustworthy before proceeding.

[ohpm install] Running...
install completed in 0s 79ms

[hvigor sync] Skipped (configurations unchanged)

[hvigor build] Running...
> hvigor Finished :entry:default@PreBuild... after 44 ms 
> hvigor Finished :entry:default@CreateModuleInfo... after 1 ms 
> hvigor UP-TO-DATE :entry:default@GenerateMetadata...  
> hvigor Finished :entry:default@ConfigureCmake... after 1 ms 
> hvigor Finished :entry:default@MergeProfile... after 5 ms 
> hvigor Finished :entry:default@CreateBuildProfile... after 3 ms 
> hvigor Finished :entry:default@PreCheckSyscap... after 1 ms 
> hvigor UP-TO-DATE :entry:default@GeneratePkgContextInfo...  
> hvigor Finished :entry:default@GeneratePkgSdkInfo... after 3 ms 
> hvigor Finished :entry:default@ProcessIntegratedHsp... after 1 ms 
> hvigor Finished :entry:default@BuildNativeWithCmake... after 1 ms 
> hvigor Finished :entry:default@MakePackInfo... after 4 ms 
> hvigor Finished :entry:default@SyscapTransform... after 4 ms 
> hvigor Finished :entry:default@ProcessProfile... after 94 ms 
> hvigor UP-TO-DATE :entry:default@ProcessRouterMap...  
> hvigor UP-TO-DATE :entry:default@ProcessShareConfig...  
> hvigor Finished :entry:default@ProcessStartupConfig... after 3 ms 
> hvigor Finished :entry:default@BuildNativeWithNinja... after 1 ms 
> hvigor UP-TO-DATE :entry:default@ProcessResource...  
> hvigor UP-TO-DATE :entry:default@GenerateLoaderJson...  
> hvigor UP-TO-DATE :entry:default@ProcessLibs...  
> hvigor Finished :entry:default@CompileResource... after 267 ms 
> hvigor UP-TO-DATE :entry:default@DoNativeStrip...  
> hvigor Finished :entry:default@BuildJS... after 4 ms 
> hvigor UP-TO-DATE :entry:default@CacheNativeLibs...  
> hvigor WARN: WARN: ArkTS:WARN File: C:/Users/user/SafeMesh/entry/src/main/ets/model/LocalStore.et
s:113:24
 Function may throw exceptions. Special handling is required.

WARN: ArkTS:WARN File: C:/Users/user/SafeMesh/entry/src/main/ets/model/AlertProtocol.ets:193:13
 Function may throw exceptions. Special handling is required.

WARN: ArkTS:WARN File: C:/Users/user/SafeMesh/entry/src/main/ets/model/AlertProtocol.ets:193:13
 Function may throw exceptions. Special handling is required.

WARN: ArkTS:WARN File: C:/Users/user/SafeMesh/entry/src/main/ets/model/AlertProtocol.ets:194:46
 Function may throw exceptions. Special handling is required.

WARN: ArkTS:WARN File: C:/Users/user/SafeMesh/entry/src/main/ets/model/AlertProtocol.ets:195:11
 Function may throw exceptions. Special handling is required.

WARN: ArkTS:WARN File: C:/Users/user/SafeMesh/entry/src/main/ets/model/AlertProtocol.ets:200:12
 Function may throw exceptions. Special handling is required.

WARN: ArkTS:WARN File: C:/Users/user/SafeMesh/entry/src/main/ets/model/DeliveryProtocol.ets:29:29
 Function may throw exceptions. Special handling is required.

WARN: ArkTS:WARN File: C:/Users/user/SafeMesh/entry/src/main/ets/model/DeliveryProtocol.ets:29:29
 Function may throw exceptions. Special handling is required.

WARN: ArkTS:WARN File: C:/Users/user/SafeMesh/entry/src/main/ets/model/AuthorityClient.ets:42:49
 Function may throw exceptions. Special handling is required.

WARN: ArkTS:WARN File: C:/Users/user/SafeMesh/entry/src/main/ets/pages/Index.ets:157:5
 Function may throw exceptions. Special handling is required.

WARN: ArkTS:WARN File: C:/Users/user/SafeMesh/entry/src/main/ets/pages/Index.ets:307:23
 'DateTimeFormat' has been deprecated.

WARN: ArkTS:WARN File: C:/Users/user/SafeMesh/entry/src/main/ets/pages/Index.ets:309:10
 'format' has been deprecated.


> hvigor Finished :entry:default@CompileArkTS... after 1 s 484 ms 
> hvigor Finished :entry:default@GeneratePkgModuleJson... after 4 ms 
> hvigor Finished :entry:default@ProcessCompiledResources... after 1 ms 
> hvigor Finished :entry:default@PackageHap... after 469 ms 
> hvigor Finished :entry:default@PackingCheck... after 7 ms 
> hvigor WARN: Will skip sign 'hos_hap'. No signingConfigs profile is configured in current project.
             If needed, configure the signingConfigs in C:\Users\user\SafeMesh\build-profile.json5.
> hvigor Finished :entry:default@SignHap... after 2 ms 
> hvigor Finished :entry:default@CollectDebugSymbol... after 1 ms 
> hvigor Finished :entry:assembleHap... after 1 ms 
> hvigor BUILD SUCCESSFUL in 3 s 792 ms 

Merged central compile_commands.json for C++ language server.

Build completed successfully
DEVECOCLI_BUILD_EXIT_CODE=0
CHECKS: PASS
